Mar 10 07:51:34 chimera colord[892]: (colord:892): Cd-WARNING **: failed to get session [pid 23610]: No such device or address
Mar 10 07:51:34 chimera colord[892]: (colord:892): Cd-WARNING **: failed to get session [pid 23610]: No such device or address
Mar 10 07:53:24 chimera anacron[23372]: Job `cron.daily' terminated
Mar 10 07:53:24 chimera anacron[23372]: Normal exit (1 job run)
Mar 10 08:17:01 chimera CRON[23684]: (root) CMD (   cd / && run-parts --report /etc/cron.hourly)
Mar 10 09:17:01 chimera CRON[23694]: (root) CMD (   cd / && run-parts --report /etc/cron.hourly)
Mar 10 10:17:01 chimera CRON[23706]: (root) CMD (   cd / && run-parts --report /etc/cron.hourly)
Mar 10 11:17:01 chimera CRON[23719]: (root) CMD (   cd / && run-parts --report /etc/cron.hourly)
Mar 10 12:05:56 chimera systemd[1]: Starting Cleanup of Temporary Directories...
Mar 10 12:05:56 chimera systemd-tmpfiles[23736]: [/usr/lib/tmpfiles.d/var.conf:14] Duplicate line for path "/var/log", ignoring.
Mar 10 12:05:56 chimera systemd[1]: Started Cleanup of Temporary Directories.
Mar 10 12:17:01 chimera CRON[23741]: (root) CMD (   cd / && run-parts --report /etc/cron.hourly)
Mar 10 13:17:01 chimera CRON[23775]: (root) CMD (   cd / && run-parts --report /etc/cron.hourly)
Mar 10 14:17:01 chimera CRON[23786]: (root) CMD (   cd / && run-parts --report /etc/cron.hourly)
Mar 10 15:17:01 chimera CRON[23797]: (root) CMD (   cd / && run-parts --report /etc/cron.hourly)
Mar 10 16:17:01 chimera CRON[23809]: (root) CMD (   cd / && run-parts --report /etc/cron.hourly)
Mar 10 17:17:01 chimera CRON[23829]: (root) CMD (   cd / && run-parts --report /etc/cron.hourly)
Mar 10 18:17:01 chimera CRON[23842]: (root) CMD (   cd / && run-parts --report /etc/cron.hourly)
Mar 10 19:17:01 chimera CRON[23855]: (root) CMD (   cd / && run-parts --report /etc/cron.hourly)
Mar 10 20:17:01 chimera CRON[23868]: (root) CMD (   cd / && run-parts --report /etc/cron.hourly)
Mar 10 20:39:48 chimera systemd[1]: Created slice user-1000.slice.
Mar 10 20:39:48 chimera systemd[1]: Starting User Manager for UID 1000...
Mar 10 20:39:48 chimera systemd[1]: Started Session 179 of user soma.
Mar 10 20:39:48 chimera systemd[23875]: Reached target Timers.
Mar 10 20:39:48 chimera systemd[23875]: Reached target Paths.
Mar 10 20:39:48 chimera systemd[23875]: Reached target Sockets.
Mar 10 20:39:48 chimera systemd[23875]: Reached target Basic System.
Mar 10 20:39:48 chimera systemd[23875]: Reached target Default.
Mar 10 20:39:48 chimera systemd[23875]: Startup finished in 16ms.
Mar 10 20:39:48 chimera systemd[1]: Started User Manager for UID 1000.
Mar 10 20:39:56 chimera systemd[1]: Stopping User Manager for UID 1000...
Mar 10 20:39:56 chimera systemd[23875]: Reached target Shutdown.
Mar 10 20:39:56 chimera systemd[23875]: Starting Exit the Session...
Mar 10 20:39:56 chimera systemd[23875]: Stopped target Default.
Mar 10 20:39:56 chimera systemd[23875]: Stopped target Basic System.
Mar 10 20:39:56 chimera systemd[23875]: Stopped target Sockets.
Mar 10 20:39:56 chimera systemd[23875]: Stopped target Paths.
Mar 10 20:39:56 chimera systemd[23875]: Stopped target Timers.
Mar 10 20:39:56 chimera systemd[23875]: Received SIGRTMIN+24 from PID 23967 (kill).
Mar 10 20:39:56 chimera systemd[1]: Stopped User Manager for UID 1000.
Mar 10 20:39:56 chimera systemd[1]: Removed slice user-1000.slice.
Mar 10 20:40:00 chimera systemd[1]: Created slice user-1000.slice.
Mar 10 20:40:00 chimera systemd[1]: Starting User Manager for UID 1000...
Mar 10 20:40:00 chimera systemd[1]: Started Session 180 of user soma.
Mar 10 20:40:00 chimera systemd[23975]: Reached target Timers.
Mar 10 20:40:00 chimera systemd[23975]: Reached target Sockets.
Mar 10 20:40:00 chimera systemd[23975]: Reached target Paths.
Mar 10 20:40:00 chimera systemd[23975]: Reached target Basic System.
Mar 10 20:40:00 chimera systemd[23975]: Reached target Default.
Mar 10 20:40:00 chimera systemd[23975]: Startup finished in 14ms.
Mar 10 20:40:00 chimera systemd[1]: Started User Manager for UID 1000.
Mar 10 20:42:10 chimera systemd[1]: Stopping User Manager for UID 1000...
Mar 10 20:42:10 chimera systemd[23975]: Stopped target Default.
Mar 10 20:42:10 chimera systemd[23975]: Reached target Shutdown.
Mar 10 20:42:10 chimera systemd[23975]: Stopped target Basic System.
Mar 10 20:42:10 chimera systemd[23975]: Stopped target Paths.
Mar 10 20:42:10 chimera systemd[23975]: Stopped target Sockets.
Mar 10 20:42:10 chimera systemd[23975]: Stopped target Timers.
Mar 10 20:42:10 chimera systemd[23975]: Starting Exit the Session...
Mar 10 20:42:10 chimera systemd[23975]: Received SIGRTMIN+24 from PID 24018 (kill).
Mar 10 20:42:10 chimera systemd[1]: Stopped User Manager for UID 1000.
Mar 10 20:42:10 chimera systemd[1]: Removed slice user-1000.slice.
Mar 10 20:42:17 chimera systemd[1]: Created slice user-1000.slice.
Mar 10 20:42:17 chimera systemd[1]: Starting User Manager for UID 1000...
Mar 10 20:42:17 chimera systemd[1]: Started Session 181 of user soma.
Mar 10 20:42:17 chimera systemd[24028]: Reached target Sockets.
Mar 10 20:42:17 chimera systemd[24028]: Reached target Paths.
Mar 10 20:42:17 chimera systemd[24028]: Reached target Timers.
Mar 10 20:42:17 chimera systemd[24028]: Reached target Basic System.
Mar 10 20:42:17 chimera systemd[24028]: Reached target Default.
Mar 10 20:42:17 chimera systemd[24028]: Startup finished in 18ms.
Mar 10 20:42:17 chimera systemd[1]: Started User Manager for UID 1000.
Mar 10 20:42:25 chimera systemd[1]: Stopping User Manager for UID 1000...
Mar 10 20:42:25 chimera systemd[24028]: Stopped target Default.
Mar 10 20:42:25 chimera systemd[24028]: Stopped target Basic System.
Mar 10 20:42:25 chimera systemd[24028]: Stopped target Sockets.
Mar 10 20:42:25 chimera systemd[24028]: Stopped target Paths.
Mar 10 20:42:25 chimera systemd[24028]: Stopped target Timers.
Mar 10 20:42:25 chimera systemd[24028]: Reached target Shutdown.
Mar 10 20:42:25 chimera systemd[24028]: Starting Exit the Session...
Mar 10 20:42:25 chimera systemd[24028]: Received SIGRTMIN+24 from PID 24070 (kill).
Mar 10 20:42:25 chimera systemd[1]: Stopped User Manager for UID 1000.
Mar 10 20:42:25 chimera systemd[1]: Removed slice user-1000.slice.
Mar 10 20:45:15 chimera systemd[1]: Created slice user-1000.slice.
Mar 10 20:45:15 chimera systemd[1]: Starting User Manager for UID 1000...
Mar 10 20:45:15 chimera systemd[1]: Started Session 182 of user soma.
Mar 10 20:45:15 chimera systemd[24077]: Reached target Paths.
Mar 10 20:45:15 chimera systemd[24077]: Reached target Sockets.
Mar 10 20:45:15 chimera systemd[24077]: Reached target Timers.
Mar 10 20:45:15 chimera systemd[24077]: Reached target Basic System.
Mar 10 20:45:15 chimera systemd[24077]: Reached target Default.
Mar 10 20:45:15 chimera systemd[24077]: Startup finished in 13ms.
Mar 10 20:45:15 chimera systemd[1]: Started User Manager for UID 1000.
Mar 10 20:45:22 chimera systemd[1]: Stopping User Manager for UID 1000...
Mar 10 20:45:22 chimera systemd[24077]: Stopped target Default.
Mar 10 20:45:22 chimera systemd[24077]: Reached target Shutdown.
Mar 10 20:45:22 chimera systemd[24077]: Starting Exit the Session...
Mar 10 20:45:22 chimera systemd[24077]: Stopped target Basic System.
Mar 10 20:45:22 chimera systemd[24077]: Stopped target Paths.
Mar 10 20:45:22 chimera systemd[24077]: Stopped target Timers.
Mar 10 20:45:22 chimera systemd[24077]: Stopped target Sockets.
Mar 10 20:45:22 chimera systemd[24077]: Received SIGRTMIN+24 from PID 24119 (kill).
Mar 10 20:45:22 chimera systemd[1]: Stopped User Manager for UID 1000.
Mar 10 20:45:22 chimera systemd[1]: Removed slice user-1000.slice.
Mar 10 20:46:17 chimera systemd[1]: Created slice user-1000.slice.
Mar 10 20:46:17 chimera systemd[1]: Starting User Manager for UID 1000...
Mar 10 20:46:17 chimera systemd[1]: Started Session 183 of user soma.
Mar 10 20:46:17 chimera systemd[24126]: Reached target Paths.
Mar 10 20:46:17 chimera systemd[24126]: Reached target Sockets.
Mar 10 20:46:17 chimera systemd[24126]: Reached target Timers.
Mar 10 20:46:17 chimera systemd[24126]: Reached target Basic System.
Mar 10 20:46:17 chimera systemd[24126]: Reached target Default.
Mar 10 20:46:17 chimera systemd[24126]: Startup finished in 25ms.
Mar 10 20:46:17 chimera systemd[1]: Started User Manager for UID 1000.
Mar 10 20:46:25 chimera systemd[1]: Stopping User Manager for UID 1000...
Mar 10 20:46:25 chimera systemd[24126]: Reached target Shutdown.
Mar 10 20:46:25 chimera systemd[24126]: Starting Exit the Session...
Mar 10 20:46:25 chimera systemd[24126]: Stopped target Default.
Mar 10 20:46:25 chimera systemd[24126]: Stopped target Basic System.
Mar 10 20:46:25 chimera systemd[24126]: Stopped target Sockets.
Mar 10 20:46:25 chimera systemd[24126]: Stopped target Paths.
Mar 10 20:46:25 chimera systemd[24126]: Stopped target Timers.
Mar 10 20:46:25 chimera systemd[24126]: Received SIGRTMIN+24 from PID 24168 (kill).
Mar 10 20:46:25 chimera systemd[1]: Stopped User Manager for UID 1000.
Mar 10 20:46:25 chimera systemd[1]: Removed slice user-1000.slice.
Mar 10 21:17:01 chimera CRON[24178]: (root) CMD (   cd / && run-parts --report /etc/cron.hourly)
Mar 10 22:17:01 chimera CRON[24192]: (root) CMD (   cd / && run-parts --report /etc/cron.hourly)
Mar 10 23:17:01 chimera CRON[24205]: (root) CMD (   cd / && run-parts --report /etc/cron.hourly)
Mar 10 23:33:21 chimera systemd[1]: Created slice user-1000.slice.
Mar 10 23:33:21 chimera systemd[1]: Starting User Manager for UID 1000...
Mar 10 23:33:21 chimera systemd[1]: Started Session 187 of user soma.
Mar 10 23:33:21 chimera systemd[24213]: Reached target Sockets.
Mar 10 23:33:21 chimera systemd[24213]: Reached target Paths.
Mar 10 23:33:21 chimera systemd[24213]: Reached target Timers.
Mar 10 23:33:21 chimera systemd[24213]: Reached target Basic System.
Mar 10 23:33:21 chimera systemd[24213]: Reached target Default.
Mar 10 23:33:21 chimera systemd[24213]: Startup finished in 29ms.
Mar 10 23:33:21 chimera systemd[1]: Started User Manager for UID 1000.
Mar 10 23:33:25 chimera systemd[1]: Stopping User Manager for UID 1000...
Mar 10 23:33:25 chimera systemd[24213]: Stopped target Default.
Mar 10 23:33:25 chimera systemd[24213]: Reached target Shutdown.
Mar 10 23:33:25 chimera systemd[24213]: Starting Exit the Session...
Mar 10 23:33:25 chimera systemd[24213]: Stopped target Basic System.
Mar 10 23:33:25 chimera systemd[24213]: Stopped target Paths.
Mar 10 23:33:25 chimera systemd[24213]: Stopped target Timers.
Mar 10 23:33:25 chimera systemd[24213]: Stopped target Sockets.
Mar 10 23:33:25 chimera systemd[24213]: Received SIGRTMIN+24 from PID 24306 (kill).
Mar 10 23:33:25 chimera systemd[1]: Stopped User Manager for UID 1000.
Mar 10 23:33:25 chimera systemd[1]: Removed slice user-1000.slice.
Mar 10 23:34:08 chimera systemd[1]: Starting Unattended Upgrades Shutdown...
Mar 10 23:34:08 chimera systemd[1]: Stopping Manage, Install and Generate Color Profiles...
Mar 10 23:34:08 chimera systemd[1]: Stopped Setup Virtual Console.
Mar 10 23:34:08 chimera systemd[1]: Deactivating swap /dev/disk/by-id/ata-CT500BX100SSD1_1510F003E74E-part2...
Mar 10 23:34:08 chimera systemd[1]: Stopping Authenticate and Authorize Users to Run Privileged Tasks...
Mar 10 23:34:08 chimera systemd[1]: Stopped Stop ureadahead data collection 45s after completed startup.
Mar 10 23:34:08 chimera systemd[1]: Stopped target Graphical Interface.
Mar 10 07:51:34 chimera rsyslogd: message repeated 7 times: [ [origin software="rsyslogd" swVersion="8.12.0" x-pid="789" x-info="http://www.rsyslog.com"] rsyslogd was HUPed]
Mar 10 23:34:08 chimera rsyslogd: [origin software="rsyslogd" swVersion="8.12.0" x-pid="789" x-info="http://www.rsyslog.com"] exiting on signal 15.
Mar 11 20:05:12 chimera rsyslogd: [origin software="rsyslogd" swVersion="8.12.0" x-pid="747" x-info="http://www.rsyslog.com"] start
Mar 11 20:05:12 chimera rsyslogd-2222: command 'KLogPermitNonKernelFacility' is currently not permitted - did you already set it via a RainerScript command (v6+ config)? [v8.12.0 try http://www.rsyslog.com/e/2222 ]
Mar 11 20:05:12 chimera rsyslogd: rsyslogd's groupid changed to 110
Mar 11 20:05:12 chimera rsyslogd: rsyslogd's userid changed to 104
Mar 11 20:05:12 chimera systemd-modules-load[246]: Inserted module 'lp'
Mar 11 20:05:12 chimera systemd-modules-load[246]: Inserted module 'ppdev'
Mar 11 20:05:12 chimera systemd-modules-load[246]: Inserted module 'parport_pc'
Mar 11 20:05:12 chimera systemd[1]: Started udev Kernel Device Manager.
Mar 11 20:05:12 chimera systemd[1]: Starting Remount Root and Kernel File Systems...
Mar 11 20:05:12 chimera systemd[1]: Starting Show Plymouth Boot Screen...
Mar 11 20:05:12 chimera systemd[1]: Started Remount Root and Kernel File Systems.
Mar 11 20:05:12 chimera systemd[1]: Starting Load/Save Random Seed...
Mar 11 20:05:12 chimera systemd[1]: Reached target Local File Systems (Pre).
Mar 11 20:05:12 chimera systemd[1]: Starting Flush Journal to Persistent Storage...
Mar 11 20:05:12 chimera systemd[1]: Started Load/Save Random Seed.
Mar 11 20:05:12 chimera systemd[1]: Started Flush Journal to Persistent Storage.
Mar 11 20:05:12 chimera mtp-probe: checking bus 1, device 3: "/sys/devices/pci0000:00/0000:00:14.0/usb1/1-4"
Mar 11 20:05:12 chimera mtp-probe: bus: 1, device: 3 was not an MTP device
Mar 11 20:05:12 chimera mtp-probe: checking bus 1, device 4: "/sys/devices/pci0000:00/0000:00:14.0/usb1/1-9"
Mar 11 20:05:12 chimera mtp-probe: bus: 1, device: 4 was not an MTP device
Mar 11 20:05:12 chimera mtp-probe: checking bus 1, device 2: "/sys/devices/pci0000:00/0000:00:14.0/usb1/1-3"
Mar 11 20:05:12 chimera rsyslogd-2039: Could not open output pipe '/dev/xconsole':: Permission denied [v8.12.0 try http://www.rsyslog.com/e/2039 ]
Mar 11 20:05:12 chimera mtp-probe: bus: 1, device: 2 was not an MTP device
Mar 11 20:05:12 chimera systemd-udevd[305]: Process '/lib/udev/hdparm' failed with exit code 5.
Mar 11 20:05:12 chimera systemd[1]: Found device CT500BX100SSD1 2.
Mar 11 20:05:12 chimera kernel: [    0.000000] microcode: CPU0 microcode updated early to revision 0x1c, date = 2014-07-03
Mar 11 20:05:12 chimera rsyslogd-2007: action 'action 10' suspended, next retry is Fri Mar 11 20:05:42 2016 [v8.12.0 try http://www.rsyslog.com/e/2007 ]
Mar 11 20:05:12 chimera kernel: [    0.000000] Initializing cgroup subsys cpuset
Mar 11 20:05:12 chimera kernel: [    0.000000] Initializing cgroup subsys cpu
Mar 11 20:05:12 chimera kernel: [    0.000000] Initializing cgroup subsys cpuacct
Mar 11 20:05:12 chimera systemd[1]: Found device CT500BX100SSD1 2.
Mar 11 20:05:12 chimera kernel: [    0.000000] Linux version 4.2.0-30-generic (buildd@lgw01-60) (gcc version 5.2.1 20151010 (Ubuntu 5.2.1-22ubuntu2) ) #36-Ubuntu SMP Fri Feb 26 00:58:07 UTC 2016 (Ubuntu 4.2.0-30.36-generic 4.2.8-ckt3)
Mar 11 20:05:12 chimera systemd[1]: Activating swap Swap Partition...
Mar 11 20:05:12 chimera kernel: [    0.000000] Command line: BOOT_IMAGE=/boot/vmlinuz-4.2.0-30-generic.efi.signed root=UUID=33f1cdc4-3d17-4cd7-a7a4-2fb1b76398ed ro quiet splash vt.handoff=7
Mar 11 20:05:12 chimera kernel: [    0.000000] KERNEL supported cpus:
Mar 11 20:05:12 chimera systemd[1]: Activated swap Swap Partition.
Mar 11 20:05:12 chimera kernel: [    0.000000]   Intel GenuineIntel
Mar 11 20:05:12 chimera kernel: [    0.000000]   AMD AuthenticAMD
Mar 11 20:05:12 chimera kernel: [    0.000000]   Centaur CentaurHauls
Mar 11 20:05:12 chimera kernel: [    0.000000] x86/fpu: xstate_offset[2]: 0240, xstate_sizes[2]: 0100
Mar 11 20:05:12 chimera systemd[1]: Activated swap /dev/disk/by-uuid/eef8d836-205e-4666-927f-6930916550b1.
Mar 11 20:05:12 chimera kernel: [    0.000000] x86/fpu: Supporting XSAVE feature 0x01: 'x87 floating point registers'
Mar 11 20:05:12 chimera kernel: [    0.000000] x86/fpu: Supporting XSAVE feature 0x02: 'SSE registers'
Mar 11 20:05:12 chimera kernel: [    0.000000] x86/fpu: Supporting XSAVE feature 0x04: 'AVX registers'
Mar 11 20:05:12 chimera kernel: [    0.000000] x86/fpu: Enabled xstate features 0x7, context size is 0x340 bytes, using 'standard' format.
Mar 11 20:05:12 chimera systemd[1]: Reached target Swap.
Mar 11 20:05:12 chimera kernel: [    0.000000] x86/fpu: Using 'eager' FPU context switches.
Mar 11 20:05:12 chimera kernel: [    0.000000] e820: BIOS-provided physical RAM map:
Mar 11 20:05:12 chimera kernel: [    0.000000] BIOS-e820: [mem 0x0000000000000000-0x0000000000000fff] reserved
Mar 11 20:05:12 chimera kernel: [    0.000000] BIOS-e820: [mem 0x0000000000001000-0x0000000000057fff] usable
Mar 11 20:05:12 chimera systemd[1]: Received SIGRTMIN+20 from PID 290 (plymouthd).
Mar 11 20:05:12 chimera kernel: [    0.000000] BIOS-e820: [mem 0x0000000000058000-0x0000000000058fff] reserved
Mar 11 20:05:12 chimera kernel: [    0.000000] BIOS-e820: [mem 0x0000000000059000-0x000000000008ffff] usable
Mar 11 20:05:12 chimera kernel: [    0.000000] BIOS-e820: [mem 0x0000000000090000-0x0000000000090fff] reserved
Mar 11 20:05:12 chimera systemd[1]: Started Show Plymouth Boot Screen.
Mar 11 20:05:12 chimera kernel: [    0.000000] BIOS-e820: [mem 0x0000000000091000-0x000000000009dfff] usable
Mar 11 20:05:12 chimera kernel: [    0.000000] BIOS-e820: [mem 0x000000000009e000-0x000000000009ffff] reserved
Mar 11 20:05:12 chimera kernel: [    0.000000] BIOS-e820: [mem 0x0000000000100000-0x00000000cb0b3fff] usable
Mar 11 20:05:12 chimera systemd[1]: Started Forward Password Requests to Plymouth Directory Watch.
Mar 11 20:05:12 chimera kernel: [    0.000000] BIOS-e820: [mem 0x00000000cb0b4000-0x00000000cb0bafff] ACPI NVS
Mar 11 20:05:12 chimera kernel: [    0.000000] BIOS-e820: [mem 0x00000000cb0bb000-0x00000000cb508fff] usable
Mar 11 20:05:12 chimera kernel: [    0.000000] BIOS-e820: [mem 0x00000000cb509000-0x00000000cb93afff] reserved
Mar 11 20:05:12 chimera kernel: [    0.000000] BIOS-e820: [mem 0x00000000cb93b000-0x00000000dd7b7fff] usable
Mar 11 20:05:12 chimera systemd[1]: Created slice system-systemd\x2drfkill.slice.
Mar 11 20:05:12 chimera kernel: [    0.000000] BIOS-e820: [mem 0x00000000dd7b8000-0x00000000dd9c0fff] reserved
Mar 11 20:05:12 chimera kernel: [    0.000000] BIOS-e820: [mem 0x00000000dd9c1000-0x00000000dd9ebfff] ACPI data
Mar 11 20:05:12 chimera kernel: [    0.000000] BIOS-e820: [mem 0x00000000dd9ec000-0x00000000ddf27fff] ACPI NVS
Mar 11 20:05:12 chimera systemd[1]: Starting Load/Save RF Kill Switch Status of rfkill0...
Mar 11 20:05:12 chimera kernel: [    0.000000] BIOS-e820: [mem 0x00000000ddf28000-0x00000000deffefff] reserved
Mar 11 20:05:12 chimera kernel: [    0.000000] BIOS-e820: [mem 0x00000000defff000-0x00000000deffffff] usable
Mar 11 20:05:12 chimera kernel: [    0.000000] BIOS-e820: [mem 0x00000000f8000000-0x00000000fbffffff] reserved
Mar 11 20:05:12 chimera kernel: [    0.000000] BIOS-e820: [mem 0x00000000fec00000-0x00000000fec00fff] reserved
Mar 11 20:05:12 chimera kernel: [    0.000000] BIOS-e820: [mem 0x00000000fed00000-0x00000000fed03fff] reserved
Mar 11 20:05:12 chimera kernel: [    0.000000] BIOS-e820: [mem 0x00000000fed1c000-0x00000000fed1ffff] reserved
Mar 11 20:05:12 chimera kernel: [    0.000000] BIOS-e820: [mem 0x00000000fee00000-0x00000000fee00fff] reserved
Mar 11 20:05:12 chimera systemd[1]: Started Load/Save RF Kill Switch Status of rfkill0.
Mar 11 20:05:12 chimera kernel: [    0.000000] BIOS-e820: [mem 0x00000000ff000000-0x00000000ffffffff] reserved
Mar 11 20:05:12 chimera kernel: [    0.000000] BIOS-e820: [mem 0x0000000100000000-0x000000021effffff] usable
Mar 11 20:05:12 chimera kernel: [    0.000000] NX (Execute Disable) protection: active
Mar 11 20:05:12 chimera kernel: [    0.000000] e820: update [mem 0xcad8f018-0xcadad257] usable ==> usable
Mar 11 20:05:12 chimera kernel: [    0.000000] extended physical RAM map:
Mar 11 20:05:12 chimera kernel: [    0.000000] reserve setup_data: [mem 0x0000000000000000-0x0000000000000fff] reserved
Mar 11 20:05:12 chimera systemd[1]: Reached target Sound Card.
Mar 11 20:05:12 chimera kernel: [    0.000000] reserve setup_data: [mem 0x0000000000001000-0x0000000000057fff] usable
Mar 11 20:05:12 chimera kernel: [    0.000000] reserve setup_data: [mem 0x0000000000058000-0x0000000000058fff] reserved
Mar 11 20:05:12 chimera kernel: [    0.000000] reserve setup_data: [mem 0x0000000000059000-0x000000000008ffff] usable
Mar 11 20:05:12 chimera kernel: [    0.000000] reserve setup_data: [mem 0x0000000000090000-0x0000000000090fff] reserved
Mar 11 20:05:12 chimera systemd-udevd[304]: Process '/usr/sbin/alsactl -E HOME=/var/run/alsa restore 1' failed with exit code 99.
Mar 11 20:05:12 chimera kernel: [    0.000000] reserve setup_data: [mem 0x0000000000091000-0x000000000009dfff] usable
Mar 11 20:05:12 chimera kernel: [    0.000000] reserve setup_data: [mem 0x000000000009e000-0x000000000009ffff] reserved
Mar 11 20:05:12 chimera kernel: [    0.000000] reserve setup_data: [mem 0x0000000000100000-0x00000000cad8f017] usable
Mar 11 20:05:12 chimera systemd[1]: Found device TOSHIBA_DT01ACA100 hd2.
Mar 11 20:05:12 chimera kernel: [    0.000000] reserve setup_data: [mem 0x00000000cad8f018-0x00000000cadad257] usable
Mar 11 20:05:12 chimera kernel: [    0.000000] reserve setup_data: [mem 0x00000000cadad258-0x00000000cb0b3fff] usable
Mar 11 20:05:12 chimera kernel: [    0.000000] reserve setup_data: [mem 0x00000000cb0b4000-0x00000000cb0bafff] ACPI NVS
Mar 11 20:05:12 chimera kernel: [    0.000000] reserve setup_data: [mem 0x00000000cb0bb000-0x00000000cb508fff] usable
Mar 11 20:05:12 chimera systemd[1]: Starting File System Check on /dev/disk/by-uuid/e8a65160-823e-4bbb-9065-70fb50f3e814...
Mar 11 20:05:12 chimera kernel: [    0.000000] reserve setup_data: [mem 0x00000000cb509000-0x00000000cb93afff] reserved
Mar 11 20:05:12 chimera kernel: [    0.000000] reserve setup_data: [mem 0x00000000cb93b000-0x00000000dd7b7fff] usable
Mar 11 20:05:12 chimera kernel: [    0.000000] reserve setup_data: [mem 0x00000000dd7b8000-0x00000000dd9c0fff] reserved
Mar 11 20:05:12 chimera systemd[1]: Started File System Check Daemon to report status.
Mar 11 20:05:12 chimera kernel: [    0.000000] reserve setup_data: [mem 0x00000000dd9c1000-0x00000000dd9ebfff] ACPI data
Mar 11 20:05:12 chimera kernel: [    0.000000] reserve setup_data: [mem 0x00000000dd9ec000-0x00000000ddf27fff] ACPI NVS
Mar 11 20:05:12 chimera kernel: [    0.000000] reserve setup_data: [mem 0x00000000ddf28000-0x00000000deffefff] reserved
Mar 11 20:05:12 chimera systemd[1]: Found device TOSHIBA_DT01ACA100 SYSTEM.
Mar 11 20:05:12 chimera kernel: [    0.000000] reserve setup_data: [mem 0x00000000defff000-0x00000000deffffff] usable
Mar 11 20:05:12 chimera kernel: [    0.000000] reserve setup_data: [mem 0x00000000f8000000-0x00000000fbffffff] reserved
Mar 11 20:05:12 chimera kernel: [    0.000000] reserve setup_data: [mem 0x00000000fec00000-0x00000000fec00fff] reserved
Mar 11 20:05:12 chimera kernel: [    0.000000] reserve setup_data: [mem 0x00000000fed00000-0x00000000fed03fff] reserved
Mar 11 20:05:12 chimera kernel: [    0.000000] reserve setup_data: [mem 0x00000000fed1c000-0x00000000fed1ffff] reserved
Mar 11 20:05:12 chimera systemd[1]: Starting File System Check on /dev/disk/by-uuid/722B-CCB8...
Mar 11 20:05:12 chimera kernel: [    0.000000] reserve setup_data: [mem 0x00000000fee00000-0x00000000fee00fff] reserved
Mar 11 20:05:12 chimera kernel: [    0.000000] reserve setup_data: [mem 0x00000000ff000000-0x00000000ffffffff] reserved
Mar 11 20:05:12 chimera kernel: [    0.000000] reserve setup_data: [mem 0x0000000100000000-0x000000021effffff] usable
Mar 11 20:05:12 chimera kernel: [    0.000000] efi: EFI v2.31 by American Megatrends
Mar 11 20:05:12 chimera kernel: [    0.000000] efi:  ESRT=0xdef5c898  ACPI=0xdd9c9000  ACPI 2.0=0xdd9c9000  SMBIOS=0xdef5c518 
Mar 11 20:05:12 chimera systemd-fsck[540]: hd2: clean, 3464202/60981248 files, 205886744/243918769 blocks
Mar 11 20:05:12 chimera kernel: [    0.000000] esrt: Reserving ESRT space from 0x00000000def5c898 to 0x00000000def5c8d0.
Mar 11 20:05:12 chimera kernel: [    0.000000] SMBIOS 2.7 present.
Mar 11 20:05:12 chimera kernel: [    0.000000] DMI: ASUSTeK COMPUTER INC. K30AD_M31AD_M51AD/K30AD_M31AD_M51AD_M32AD, BIOS 0507 04/02/2014
Mar 11 20:05:12 chimera kernel: [    0.000000] e820: update [mem 0x00000000-0x00000fff] usable ==> reserved
Mar 11 20:05:12 chimera kernel: [    0.000000] e820: remove [mem 0x000a0000-0x000fffff] usable
Mar 11 20:05:12 chimera systemd[1]: Started File System Check on /dev/disk/by-uuid/e8a65160-823e-4bbb-9065-70fb50f3e814.
Mar 11 20:05:12 chimera kernel: [    0.000000] e820: last_pfn = 0x21f000 max_arch_pfn = 0x400000000
Mar 11 20:05:12 chimera kernel: [    0.000000] MTRR default type: uncachable
Mar 11 20:05:12 chimera kernel: [    0.000000] MTRR fixed ranges enabled:
Mar 11 20:05:12 chimera kernel: [    0.000000]   00000-9FFFF write-back
Mar 11 20:05:12 chimera systemd[1]: Mounting /hd2...
Mar 11 20:05:12 chimera kernel: [    0.000000]   A0000-DFFFF uncachable
Mar 11 20:05:12 chimera kernel: [    0.000000]   E0000-FFFFF write-protect
Mar 11 20:05:12 chimera kernel: [    0.000000] MTRR variable ranges enabled:
Mar 11 20:05:12 chimera kernel: [    0.000000]   0 base 0000000000 mask 7E00000000 write-back
Mar 11 20:05:12 chimera systemd[1]: Mounted /hd2.
Mar 11 20:05:12 chimera kernel: [    0.000000]   1 base 0200000000 mask 7FF0000000 write-back
Mar 11 20:05:12 chimera kernel: [    0.000000]   2 base 0210000000 mask 7FF8000000 write-back
Mar 11 20:05:12 chimera kernel: [    0.000000]   3 base 0218000000 mask 7FFC000000 write-back
Mar 11 20:05:12 chimera systemd-fsck[543]: fsck.fat 3.0.28 (2015-05-16)
Mar 11 20:05:12 chimera kernel: [    0.000000]   4 base 021C000000 mask 7FFE000000 write-back
Mar 11 20:05:12 chimera kernel: [    0.000000]   5 base 021E000000 mask 7FFF000000 write-back
Mar 11 20:05:12 chimera kernel: [    0.000000]   6 base 00E0000000 mask 7FE0000000 uncachable
Mar 11 20:05:12 chimera kernel: [    0.000000]   7 disabled
Mar 11 20:05:12 chimera systemd-fsck[543]: /dev/sdb2: 399 files, 13634/65536 clusters
Mar 11 20:05:12 chimera kernel: [    0.000000]   8 disabled
Mar 11 20:05:12 chimera systemd[1]: Started File System Check on /dev/disk/by-uuid/722B-CCB8.
Mar 11 20:05:12 chimera kernel: [    0.000000]   9 disabled
Mar 11 20:05:12 chimera kernel: [    0.000000] x86/PAT: Configuration [0-7]: WB  WC  UC- UC  WB  WC  UC- WT  
Mar 11 20:05:12 chimera kernel: [    0.000000] original variable MTRRs
Mar 11 20:05:12 chimera kernel: [    0.000000] reg 0, base: 0GB, range: 8GB, type WB
Mar 11 20:05:12 chimera kernel: [    0.000000] reg 1, base: 8GB, range: 256MB, type WB
Mar 11 20:05:12 chimera systemd[1]: Mounting /boot/efi...
Mar 11 20:05:12 chimera kernel: [    0.000000] reg 2, base: 8448MB, range: 128MB, type WB
Mar 11 20:05:12 chimera kernel: [    0.000000] reg 3, base: 8576MB, range: 64MB, type WB
Mar 11 20:05:12 chimera systemd[1]: Mounted /boot/efi.
Mar 11 20:05:12 chimera kernel: [    0.000000] reg 4, base: 8640MB, range: 32MB, type WB
Mar 11 20:05:12 chimera kernel: [    0.000000] reg 5, base: 8672MB, range: 16MB, type WB
Mar 11 20:05:12 chimera kernel: [    0.000000] reg 6, base: 3584MB, range: 512MB, type UC
Mar 11 20:05:12 chimera kernel: [    0.000000] total RAM covered: 8176M
Mar 11 20:05:12 chimera systemd[1]: Reached target Local File Systems.
Mar 11 20:05:12 chimera kernel: [    0.000000] Found optimal setting for mtrr clean up
Mar 11 20:05:12 chimera kernel: [    0.000000]  gran_size: 64K 	chunk_size: 32M 	num_reg: 6  	lose cover RAM: 0G
Mar 11 20:05:12 chimera kernel: [    0.000000] New variable MTRRs
Mar 11 20:05:12 chimera systemd[1]: Starting Clean up any mess left by 0dns-up...
Mar 11 20:05:12 chimera kernel: [    0.000000] reg 0, base: 0GB, range: 2GB, type WB
Mar 11 20:05:12 chimera kernel: [    0.000000] reg 1, base: 2GB, range: 1GB, type WB
Mar 11 20:05:12 chimera systemd[1]: Starting Set console keymap...
Mar 11 20:05:12 chimera systemd[1]: Starting Wait for all "auto" /etc/network/interfaces to be up for network-online.target...
Mar 11 20:05:12 chimera systemd[1]: Starting LSB: AppArmor initialization...
Mar 11 20:05:12 chimera systemd[1]: Reached target Remote File Systems.
Mar 11 20:05:12 chimera systemd[1]: Starting Tell Plymouth To Write Out Runtime Data...
Mar 11 20:05:12 chimera systemd[1]: Starting Create Volatile Files and Directories...
Mar 11 20:05:12 chimera systemd[1]: Started Wait for all "auto" /etc/network/interfaces to be up for network-online.target.
Mar 11 20:05:12 chimera systemd-tmpfiles[567]: [/usr/lib/tmpfiles.d/var.conf:14] Duplicate line for path "/var/log", ignoring.
Mar 11 20:05:12 chimera systemd[1]: Started Clean up any mess left by 0dns-up.
Mar 11 20:05:12 chimera systemd[1]: Starting Nameserver information manager...
Mar 11 20:05:12 chimera systemd[1]: Started Nameserver information manager.
Mar 11 20:05:12 chimera systemd[1]: Started Tell Plymouth To Write Out Runtime Data.
Mar 11 20:05:12 chimera loadkeys[560]: Loading /etc/console-setup/cached.kmap.gz
Mar 11 20:05:12 chimera apparmor[563]: * Starting AppArmor profiles
Mar 11 20:05:12 chimera systemd[1]: Started Set console keymap.
Mar 11 20:05:12 chimera systemd[1]: Started Create Volatile Files and Directories.
Mar 11 20:05:12 chimera systemd[1]: Starting Update UTMP about System Boot/Shutdown...
Mar 11 20:05:12 chimera systemd[1]: Starting Network Time Synchronization...
Mar 11 20:05:12 chimera kernel: [    0.000000] reg 2, base: 3GB, range: 512MB, type WB
Mar 11 20:05:12 chimera kernel: [    0.000000] reg 3, base: 4GB, range: 4GB, type WB
Mar 11 20:05:12 chimera kernel: [    0.000000] reg 4, base: 8GB, range: 512MB, type WB
Mar 11 20:05:12 chimera systemd[1]: Started Update UTMP about System Boot/Shutdown.
Mar 11 20:05:12 chimera kernel: [    0.000000] reg 5, base: 8688MB, range: 16MB, type UC
Mar 11 20:05:12 chimera kernel: [    0.000000] e820: update [mem 0xe0000000-0xffffffff] usable ==> reserved
Mar 11 20:05:12 chimera kernel: [    0.000000] e820: last_pfn = 0xdf000 max_arch_pfn = 0x400000000
Mar 11 20:05:12 chimera systemd-timesyncd[605]: The system is configured to read the RTC time in the local time zone. This mode can not be fully supported. All system time to RTC updates are disabled.
Mar 11 20:05:12 chimera kernel: [    0.000000] Scanning 1 areas for low memory corruption
Mar 11 20:05:12 chimera kernel: [    0.000000] Base memory trampoline at [ffff880000098000] 98000 size 24576
Mar 11 20:05:12 chimera kernel: [    0.000000] Using GB pages for direct mapping
Mar 11 20:05:12 chimera kernel: [    0.000000] init_memory_mapping: [mem 0x00000000-0x000fffff]
Mar 11 20:05:12 chimera systemd[1]: Started Network Time Synchronization.
Mar 11 20:05:12 chimera kernel: [    0.000000]  [mem 0x00000000-0x000fffff] page 4k
Mar 11 20:05:12 chimera kernel: [    0.000000] BRK [0x01ff1000, 0x01ff1fff] PGTABLE
Mar 11 20:05:12 chimera kernel: [    0.000000] BRK [0x01ff2000, 0x01ff2fff] PGTABLE
Mar 11 20:05:12 chimera kernel: [    0.000000] BRK [0x01ff3000, 0x01ff3fff] PGTABLE
Mar 11 20:05:12 chimera kernel: [    0.000000] init_memory_mapping: [mem 0x21ee00000-0x21effffff]
Mar 11 20:05:12 chimera kernel: [    0.000000]  [mem 0x21ee00000-0x21effffff] page 2M
Mar 11 20:05:12 chimera systemd[1]: Reached target System Time Synchronized.
Mar 11 20:05:12 chimera kernel: [    0.000000] BRK [0x01ff4000, 0x01ff4fff] PGTABLE
Mar 11 20:05:12 chimera kernel: [    0.000000] init_memory_mapping: [mem 0x200000000-0x21edfffff]
Mar 11 20:05:12 chimera kernel: [    0.000000]  [mem 0x200000000-0x21edfffff] page 2M
Mar 11 20:05:12 chimera apparmor[563]: Skipping profile in /etc/apparmor.d/disable: usr.bin.firefox
Mar 11 20:05:12 chimera kernel: [    0.000000] init_memory_mapping: [mem 0x1e0000000-0x1ffffffff]
Mar 11 20:05:12 chimera kernel: [    0.000000]  [mem 0x1e0000000-0x1ffffffff] page 1G
Mar 11 20:05:12 chimera kernel: [    0.000000] init_memory_mapping: [mem 0x00100000-0xcb0b3fff]
Mar 11 20:05:12 chimera kernel: [    0.000000]  [mem 0x00100000-0x001fffff] page 4k
Mar 11 20:05:12 chimera kernel: [    0.000000]  [mem 0x00200000-0x3fffffff] page 2M
Mar 11 20:05:12 chimera apparmor[563]: Skipping profile in /etc/apparmor.d/disable: usr.sbin.rsyslogd
Mar 11 20:05:12 chimera kernel: [    0.000000]  [mem 0x40000000-0xbfffffff] page 1G
Mar 11 20:05:12 chimera kernel: [    0.000000]  [mem 0xc0000000-0xcaffffff] page 2M
Mar 11 20:05:12 chimera kernel: [    0.000000]  [mem 0xcb000000-0xcb0b3fff] page 4k
Mar 11 20:05:12 chimera apparmor[563]: ...done.
Mar 11 20:05:12 chimera kernel: [    0.000000] init_memory_mapping: [mem 0xcb0bb000-0xcb508fff]
Mar 11 20:05:12 chimera kernel: [    0.000000]  [mem 0xcb0bb000-0xcb1fffff] page 4k
Mar 11 20:05:12 chimera kernel: [    0.000000]  [mem 0xcb200000-0xcb3fffff] page 2M
Mar 11 20:05:12 chimera kernel: [    0.000000]  [mem 0xcb400000-0xcb508fff] page 4k
Mar 11 20:05:12 chimera systemd[1]: Started LSB: AppArmor initialization.
Mar 11 20:05:12 chimera kernel: [    0.000000] BRK [0x01ff5000, 0x01ff5fff] PGTABLE
Mar 11 20:05:12 chimera kernel: [    0.000000] init_memory_mapping: [mem 0xcb93b000-0xdd7b7fff]
Mar 11 20:05:12 chimera kernel: [    0.000000]  [mem 0xcb93b000-0xcb9fffff] page 4k
Mar 11 20:05:12 chimera systemd[1]: Starting LSB: Raise network interfaces....
Mar 11 20:05:12 chimera kernel: [    0.000000]  [mem 0xcba00000-0xdd5fffff] page 2M
Mar 11 20:05:12 chimera kernel: [    0.000000]  [mem 0xdd600000-0xdd7b7fff] page 4k
Mar 11 20:05:12 chimera kernel: [    0.000000] BRK [0x01ff6000, 0x01ff6fff] PGTABLE
Mar 11 20:05:12 chimera kernel: [    0.000000] init_memory_mapping: [mem 0xdefff000-0xdeffffff]
Mar 11 20:05:12 chimera kernel: [    0.000000]  [mem 0xdefff000-0xdeffffff] page 4k
Mar 11 20:05:12 chimera kernel: [    0.000000] init_memory_mapping: [mem 0x100000000-0x1dfffffff]
Mar 11 20:05:12 chimera kernel: [    0.000000]  [mem 0x100000000-0x1dfffffff] page 1G
Mar 11 20:05:12 chimera kernel: [    0.000000] RAMDISK: [mem 0x3dfee000-0x3fffafff]
Mar 11 20:05:12 chimera networking[658]: * Configuring network interfaces...
Mar 11 20:05:12 chimera kernel: [    0.000000] ACPI: Early table checksum verification disabled
Mar 11 20:05:12 chimera kernel: [    0.000000] ACPI: RSDP 0x00000000DD9C9000 000024 (v02 ASUS  )
Mar 11 20:05:12 chimera networking[658]: ...done.
Mar 11 20:05:12 chimera kernel: [    0.000000] ACPI: XSDT 0x00000000DD9C9088 00008C (v01 ASUS   A M I    00000507 AMI  00010013)
Mar 11 20:05:12 chimera kernel: [    0.000000] ACPI: FACP 0x00000000DD9D7288 00010C (v05 ASUS   A M I    00000507 AMI  00010013)
Mar 11 20:05:12 chimera kernel: [    0.000000] ACPI: DSDT 0x00000000DD9C91A0 00E0E5 (v02 ASUS   A M I    00000031 INTL 20091112)
Mar 11 20:05:12 chimera kernel: [    0.000000] ACPI: FACS 0x00000000DDF26080 000040
Mar 11 20:05:12 chimera systemd[1]: Started LSB: Raise network interfaces..
Mar 11 20:05:12 chimera kernel: [    0.000000] ACPI: APIC 0x00000000DD9D7398 000072 (v03 ASUS   A M I    00000507 AMI  00010013)
Mar 11 20:05:12 chimera kernel: [    0.000000] ACPI: FPDT 0x00000000DD9D7410 000044 (v01 ASUS   A M I    00000507 AMI  00010013)
Mar 11 20:05:12 chimera kernel: [    0.000000] ACPI: LPIT 0x00000000DD9D7458 00005C (v01 ASUS   A M I    00000000 AMI. 00000005)
Mar 11 20:05:12 chimera systemd[1]: Reached target System Initialization.
Mar 11 20:05:12 chimera kernel: [    0.000000] ACPI: SSDT 0x00000000DD9D74B8 000539 (v01 PmRef  Cpu0Ist  00003000 INTL 20091112)
Mar 11 20:05:12 chimera kernel: [    0.000000] ACPI: SSDT 0x00000000DD9D79F8 000AD8 (v01 PmRef  CpuPm    00003000 INTL 20091112)
Mar 11 20:05:12 chimera kernel: [    0.000000] ACPI: MCFG 0x00000000DD9D84D0 00003C (v01 ASUS   A M I    00000507 MSFT 00000097)
Mar 11 20:05:12 chimera systemd[1]: Listening on Avahi mDNS/DNS-SD Stack Activation Socket.
Mar 11 20:05:12 chimera kernel: [    0.000000] ACPI: HPET 0x00000000DD9D8510 000038 (v01 ASUS   A M I    00000507 AMI. 00000005)
Mar 11 20:05:12 chimera kernel: [    0.000000] ACPI: SSDT 0x00000000DD9D8548 00036D (v01 SataRe SataTabl 00001000 INTL 20091112)
Mar 11 20:05:12 chimera kernel: [    0.000000] ACPI: SSDT 0x00000000DD9D88B8 0034E1 (v01 SaSsdt SaSsdt   00003000 INTL 20091112)
Mar 11 20:05:12 chimera kernel: [    0.000000] ACPI: MSDM 0x00000000DD9DBDA0 000055 (v01 ASUS   A M I    00000507      00000000)
Mar 11 20:05:12 chimera systemd[1]: Started Trigger resolvconf update for networkd DNS.
Mar 11 20:05:12 chimera kernel: [    0.000000] ACPI: VFCT 0x00000000DD9DBDF8 010084 (v01 ASUS   A M I    00000001 AMD  31504F47)
Mar 11 20:05:12 chimera kernel: [    0.000000] ACPI: BGRT 0x00000000DD9EBE80 000038 (v00 ASUS   A M I    00000507 AMI  00010013)
Mar 11 20:05:12 chimera kernel: [    0.000000] ACPI: Local APIC address 0xfee00000
Mar 11 20:05:12 chimera kernel: [    0.000000] No NUMA configuration found
Mar 11 20:05:12 chimera kernel: [    0.000000] Faking a node at [mem 0x0000000000000000-0x000000021effffff]
Mar 11 20:05:12 chimera systemd[1]: Started Daily Cleanup of Temporary Directories.
Mar 11 20:05:12 chimera kernel: [    0.000000] NODE_DATA(0) allocated [mem 0x21eff7000-0x21effbfff]
Mar 11 20:05:12 chimera kernel: [    0.000000]  [ffffea0000000000-ffffea00087fffff] PMD -> [ffff880216600000-ffff88021e5fffff] on node 0
Mar 11 20:05:12 chimera kernel: [    0.000000] Zone ranges:
Mar 11 20:05:12 chimera kernel: [    0.000000]   DMA      [mem 0x0000000000001000-0x0000000000ffffff]
Mar 11 20:05:12 chimera kernel: [    0.000000]   DMA32    [mem 0x0000000001000000-0x00000000ffffffff]
Mar 11 20:05:12 chimera systemd[1]: Reached target Timers.
Mar 11 20:05:12 chimera kernel: [    0.000000]   Normal   [mem 0x0000000100000000-0x000000021effffff]
Mar 11 20:05:12 chimera kernel: [    0.000000] Movable zone start for each node
Mar 11 20:05:12 chimera kernel: [    0.000000] Early memory node ranges
Mar 11 20:05:12 chimera systemd[1]: Listening on UUID daemon activation socket.
Mar 11 20:05:12 chimera kernel: [    0.000000]   node   0: [mem 0x0000000000001000-0x0000000000057fff]
Mar 11 20:05:12 chimera kernel: [    0.000000]   node   0: [mem 0x0000000000059000-0x000000000008ffff]
Mar 11 20:05:12 chimera kernel: [    0.000000]   node   0: [mem 0x0000000000091000-0x000000000009dfff]
Mar 11 20:05:12 chimera kernel: [    0.000000]   node   0: [mem 0x0000000000100000-0x00000000cb0b3fff]
Mar 11 20:05:12 chimera kernel: [    0.000000]   node   0: [mem 0x00000000cb0bb000-0x00000000cb508fff]
Mar 11 20:05:12 chimera systemd[1]: Listening on CUPS Scheduler.
Mar 11 20:05:12 chimera kernel: [    0.000000]   node   0: [mem 0x00000000cb93b000-0x00000000dd7b7fff]
Mar 11 20:05:12 chimera kernel: [    0.000000]   node   0: [mem 0x00000000defff000-0x00000000deffffff]
Mar 11 20:05:12 chimera systemd[1]: Starting Restore Sound Card State...
Mar 11 20:05:12 chimera kernel: [    0.000000]   node   0: [mem 0x0000000100000000-0x000000021effffff]
Mar 11 20:05:12 chimera kernel: [    0.000000] Initmem setup node 0 [mem 0x0000000000001000-0x000000021effffff]
Mar 11 20:05:12 chimera kernel: [    0.000000] On node 0 totalpages: 2081563
Mar 11 20:05:12 chimera kernel: [    0.000000]   DMA zone: 64 pages used for memmap
Mar 11 20:05:12 chimera kernel: [    0.000000]   DMA zone: 21 pages reserved
Mar 11 20:05:12 chimera systemd[1]: Started CUPS Scheduler.
Mar 11 20:05:12 chimera kernel: [    0.000000]   DMA zone: 3995 pages, LIFO batch:0
Mar 11 20:05:12 chimera kernel: [    0.000000]   DMA32 zone: 14094 pages used for memmap
Mar 11 20:05:12 chimera kernel: [    0.000000]   DMA32 zone: 902016 pages, LIFO batch:31
Mar 11 20:05:12 chimera systemd[1]: Reached target Paths.
Mar 11 20:05:12 chimera kernel: [    0.000000]   Normal zone: 18368 pages used for memmap
Mar 11 20:05:12 chimera kernel: [    0.000000]   Normal zone: 1175552 pages, LIFO batch:31
Mar 11 20:05:12 chimera kernel: [    0.000000] tboot: non-0 tboot_addr but it is not of type E820_RESERVED
Mar 11 20:05:12 chimera kernel: [    0.000000] ACPI: PM-Timer IO Port: 0x1808
Mar 11 20:05:12 chimera kernel: [    0.000000] ACPI: Local APIC address 0xfee00000
Mar 11 20:05:12 chimera systemd[1]: Listening on ACPID Listen Socket.
Mar 11 20:05:12 chimera kernel: [    0.000000] ACPI: LAPIC_NMI (acpi_id[0xff] high edge lint[0x1])
Mar 11 20:05:12 chimera kernel: [    0.000000] IOAPIC[0]: apic_id 8, version 32, address 0xfec00000, GSI 0-23
Mar 11 20:05:12 chimera systemd[1]: Listening on D-Bus System Message Bus Socket.
Mar 11 20:05:12 chimera kernel: [    0.000000] ACPI: INT_SRC_OVR (bus 0 bus_irq 0 global_irq 2 dfl dfl)
Mar 11 20:05:12 chimera kernel: [    0.000000] ACPI: INT_SRC_OVR (bus 0 bus_irq 9 global_irq 9 high level)
Mar 11 20:05:12 chimera kernel: [    0.000000] ACPI: IRQ0 used by override.
Mar 11 20:05:12 chimera kernel: [    0.000000] ACPI: IRQ9 used by override.
Mar 11 20:05:12 chimera kernel: [    0.000000] Using ACPI (MADT) for SMP configuration information
Mar 11 20:05:12 chimera systemd[1]: Reached target Sockets.
Mar 11 20:05:12 chimera kernel: [    0.000000] ACPI: HPET id: 0x8086a701 base: 0xfed00000
Mar 11 20:05:12 chimera kernel: [    0.000000] smpboot: Allowing 4 CPUs, 0 hotplug CPUs
Mar 11 20:05:12 chimera systemd[1]: Reached target Basic System.
Mar 11 20:05:12 chimera kernel: [    0.000000] PM: Registered nosave memory: [mem 0x00000000-0x00000fff]
Mar 11 20:05:12 chimera systemd[1]: Starting Avahi mDNS/DNS-SD Stack...
Mar 11 20:05:12 chimera kernel: [    0.000000] PM: Registered nosave memory: [mem 0x00058000-0x00058fff]
Mar 11 20:05:12 chimera kernel: [    0.000000] PM: Registered nosave memory: [mem 0x00090000-0x00090fff]
Mar 11 20:05:12 chimera kernel: [    0.000000] PM: Registered nosave memory: [mem 0x0009e000-0x0009ffff]
Mar 11 20:05:12 chimera kernel: [    0.000000] PM: Registered nosave memory: [mem 0x000a0000-0x000fffff]
Mar 11 20:05:12 chimera systemd[1]: Starting System Logging Service...
Mar 11 20:05:12 chimera kernel: [    0.000000] PM: Registered nosave memory: [mem 0xcad8f000-0xcad8ffff]
Mar 11 20:05:12 chimera kernel: [    0.000000] PM: Registered nosave memory: [mem 0xcadad000-0xcadadfff]
Mar 11 20:05:12 chimera kernel: [    0.000000] PM: Registered nosave memory: [mem 0xcb0b4000-0xcb0bafff]
Mar 11 20:05:12 chimera systemd[1]: Starting Login Service...
Mar 11 20:05:12 chimera kernel: [    0.000000] PM: Registered nosave memory: [mem 0xcb509000-0xcb93afff]
Mar 11 20:05:12 chimera kernel: [    0.000000] PM: Registered nosave memory: [mem 0xdd7b8000-0xdd9c0fff]
Mar 11 20:05:12 chimera kernel: [    0.000000] PM: Registered nosave memory: [mem 0xdd9c1000-0xdd9ebfff]
Mar 11 20:05:12 chimera systemd[1]: Starting Permit User Sessions...
Mar 11 20:05:12 chimera kernel: [    0.000000] PM: Registered nosave memory: [mem 0xdd9ec000-0xddf27fff]
Mar 11 20:05:12 chimera kernel: [    0.000000] PM: Registered nosave memory: [mem 0xddf28000-0xdeffefff]
Mar 11 20:05:12 chimera kernel: [    0.000000] PM: Registered nosave memory: [mem 0xdf000000-0xf7ffffff]
Mar 11 20:05:12 chimera systemd[1]: Starting Modem Manager...
Mar 11 20:05:12 chimera kernel: [    0.000000] PM: Registered nosave memory: [mem 0xf8000000-0xfbffffff]
Mar 11 20:05:12 chimera kernel: [    0.000000] PM: Registered nosave memory: [mem 0xfc000000-0xfebfffff]
Mar 11 20:05:12 chimera kernel: [    0.000000] PM: Registered nosave memory: [mem 0xfec00000-0xfec00fff]
Mar 11 20:05:12 chimera systemd[1]: Started Regular background program processing daemon.
Mar 11 20:05:12 chimera systemd[1]: Started Deferred execution scheduler.
Mar 11 20:05:12 chimera systemd[1]: Started Run anacron jobs.
Mar 11 20:05:12 chimera systemd[1]: Started CUPS Scheduler.
Mar 11 20:05:12 chimera systemd[1]: Started D-Bus System Message Bus.
Mar 11 20:05:12 chimera cron[751]: (CRON) INFO (pidfile fd = 3)
Mar 11 20:05:12 chimera anacron[753]: Anacron 2.3 started on 2016-03-11
Mar 11 20:05:12 chimera anacron[753]: Will run job `cron.daily' in 5 min.
Mar 11 20:05:12 chimera anacron[753]: Jobs will be executed sequentially
Mar 11 20:05:12 chimera cron[751]: (CRON) INFO (Running @reboot jobs)
Mar 11 20:05:12 chimera avahi-daemon[746]: Found user 'avahi' (UID 107) and group 'avahi' (GID 116).
Mar 11 20:05:12 chimera avahi-daemon[746]: Successfully dropped root privileges.
Mar 11 20:05:12 chimera avahi-daemon[746]: avahi-daemon 0.6.31 starting up.
Mar 11 20:05:12 chimera kernel: [    0.000000] PM: Registered nosave memory: [mem 0xfec01000-0xfecfffff]
Mar 11 20:05:12 chimera kernel: [    0.000000] PM: Registered nosave memory: [mem 0xfed00000-0xfed03fff]
Mar 11 20:05:12 chimera kernel: [    0.000000] PM: Registered nosave memory: [mem 0xfed04000-0xfed1bfff]
Mar 11 20:05:12 chimera kernel: [    0.000000] PM: Registered nosave memory: [mem 0xfed1c000-0xfed1ffff]
Mar 11 20:05:12 chimera kernel: [    0.000000] PM: Registered nosave memory: [mem 0xfed20000-0xfedfffff]
Mar 11 20:05:12 chimera kernel: [    0.000000] PM: Registered nosave memory: [mem 0xfee00000-0xfee00fff]
Mar 11 20:05:12 chimera kernel: [    0.000000] PM: Registered nosave memory: [mem 0xfee01000-0xfeffffff]
Mar 11 20:05:12 chimera kernel: [    0.000000] PM: Registered nosave memory: [mem 0xff000000-0xffffffff]
Mar 11 20:05:12 chimera kernel: [    0.000000] e820: [mem 0xdf000000-0xf7ffffff] available for PCI devices
Mar 11 20:05:12 chimera kernel: [    0.000000] Booting paravirtualized kernel on bare hardware
Mar 11 20:05:12 chimera kernel: [    0.000000] clocksource: refined-jiffies: mask: 0xffffffff max_cycles: 0xffffffff, max_idle_ns: 7645519600211568 ns
Mar 11 20:05:12 chimera kernel: [    0.000000] setup_percpu: NR_CPUS:256 nr_cpumask_bits:256 nr_cpu_ids:4 nr_node_ids:1
Mar 11 20:05:12 chimera kernel: [    0.000000] PERCPU: Embedded 33 pages/cpu @ffff88021ec00000 s96728 r8192 d30248 u524288
Mar 11 20:05:12 chimera kernel: [    0.000000] pcpu-alloc: s96728 r8192 d30248 u524288 alloc=1*2097152
Mar 11 20:05:12 chimera kernel: [    0.000000] pcpu-alloc: [0] 0 1 2 3 
Mar 11 20:05:12 chimera kernel: [    0.000000] Built 1 zonelists in Node order, mobility grouping on.  Total pages: 2049016
Mar 11 20:05:12 chimera kernel: [    0.000000] Policy zone: Normal
Mar 11 20:05:12 chimera kernel: [    0.000000] Kernel command line: BOOT_IMAGE=/boot/vmlinuz-4.2.0-30-generic.efi.signed root=UUID=33f1cdc4-3d17-4cd7-a7a4-2fb1b76398ed ro quiet splash vt.handoff=7
Mar 11 20:05:12 chimera kernel: [    0.000000] PID hash table entries: 4096 (order: 3, 32768 bytes)
Mar 11 20:05:12 chimera kernel: [    0.000000] Calgary: detecting Calgary via BIOS EBDA area
Mar 11 20:05:12 chimera kernel: [    0.000000] Calgary: Unable to locate Rio Grande table in EBDA - bailing!
Mar 11 20:05:12 chimera kernel: [    0.000000] Memory: 8011788K/8326252K available (8158K kernel code, 1238K rwdata, 3804K rodata, 1464K init, 1292K bss, 314464K reserved, 0K cma-reserved)
Mar 11 20:05:12 chimera kernel: [    0.000000] SLUB: HWalign=64, Order=0-3, MinObjects=0, CPUs=4, Nodes=1
Mar 11 20:05:12 chimera kernel: [    0.000000] Hierarchical RCU implementation.
Mar 11 20:05:12 chimera kernel: [    0.000000] 	Build-time adjustment of leaf fanout to 64.
Mar 11 20:05:12 chimera kernel: [    0.000000] 	RCU restricting CPUs from NR_CPUS=256 to nr_cpu_ids=4.
Mar 11 20:05:12 chimera kernel: [    0.000000] RCU: Adjusting geometry for rcu_fanout_leaf=64, nr_cpu_ids=4
Mar 11 20:05:12 chimera kernel: [    0.000000] NR_IRQS:16640 nr_irqs:456 16
Mar 11 20:05:12 chimera kernel: [    0.000000] 	Offload RCU callbacks from all CPUs
Mar 11 20:05:12 chimera kernel: [    0.000000] 	Offload RCU callbacks from CPUs: 0-3.
Mar 11 20:05:12 chimera kernel: [    0.000000] vt handoff: transparent VT on vt#7
Mar 11 20:05:12 chimera kernel: [    0.000000] Console: colour dummy device 80x25
Mar 11 20:05:12 chimera kernel: [    0.000000] console [tty0] enabled
Mar 11 20:05:12 chimera kernel: [    0.000000] clocksource: hpet: mask: 0xffffffff max_cycles: 0xffffffff, max_idle_ns: 133484882848 ns
Mar 11 20:05:12 chimera kernel: [    0.000000] hpet clockevent registered
Mar 11 20:05:12 chimera kernel: [    0.000000] tsc: Fast TSC calibration using PIT
Mar 11 20:05:12 chimera kernel: [    0.000000] tsc: Detected 3192.615 MHz processor
Mar 11 20:05:12 chimera kernel: [    0.000022] Calibrating delay loop (skipped), value calculated using timer frequency.. 6385.23 BogoMIPS (lpj=12770460)
Mar 11 20:05:12 chimera kernel: [    0.000024] pid_max: default: 32768 minimum: 301
Mar 11 20:05:12 chimera kernel: [    0.000027] ACPI: Core revision 20150619
Mar 11 20:05:12 chimera kernel: [    0.007842] ACPI: All ACPI Tables successfully acquired
Mar 11 20:05:12 chimera kernel: [    0.009038] Security Framework initialized
Mar 11 20:05:12 chimera kernel: [    0.009046] AppArmor: AppArmor initialized
Mar 11 20:05:12 chimera kernel: [    0.009047] Yama: becoming mindful.
Mar 11 20:05:12 chimera kernel: [    0.009420] Dentry cache hash table entries: 1048576 (order: 11, 8388608 bytes)
Mar 11 20:05:12 chimera kernel: [    0.010973] Inode-cache hash table entries: 524288 (order: 10, 4194304 bytes)
Mar 11 20:05:12 chimera kernel: [    0.011688] Mount-cache hash table entries: 16384 (order: 5, 131072 bytes)
Mar 11 20:05:12 chimera kernel: [    0.011694] Mountpoint-cache hash table entries: 16384 (order: 5, 131072 bytes)
Mar 11 20:05:12 chimera kernel: [    0.011868] Initializing cgroup subsys blkio
Mar 11 20:05:12 chimera kernel: [    0.011870] Initializing cgroup subsys memory
Mar 11 20:05:12 chimera kernel: [    0.011875] Initializing cgroup subsys devices
Mar 11 20:05:12 chimera kernel: [    0.011877] Initializing cgroup subsys freezer
Mar 11 20:05:12 chimera kernel: [    0.011878] Initializing cgroup subsys net_cls
Mar 11 20:05:12 chimera kernel: [    0.011880] Initializing cgroup subsys perf_event
Mar 11 20:05:12 chimera kernel: [    0.011881] Initializing cgroup subsys net_prio
Mar 11 20:05:12 chimera kernel: [    0.011883] Initializing cgroup subsys hugetlb
Mar 11 20:05:12 chimera kernel: [    0.011902] CPU: Physical Processor ID: 0
Mar 11 20:05:12 chimera kernel: [    0.011903] CPU: Processor Core ID: 0
Mar 11 20:05:12 chimera kernel: [    0.011906] ENERGY_PERF_BIAS: Set to 'normal', was 'performance'
Mar 11 20:05:12 chimera kernel: [    0.011907] ENERGY_PERF_BIAS: View and update with x86_energy_perf_policy(8)
Mar 11 20:05:12 chimera kernel: [    0.012662] mce: CPU supports 9 MCE banks
Mar 11 20:05:12 chimera kernel: [    0.012673] CPU0: Thermal monitoring enabled (TM1)
Mar 11 20:05:12 chimera kernel: [    0.012681] process: using mwait in idle threads
Mar 11 20:05:12 chimera kernel: [    0.012683] Last level iTLB entries: 4KB 1024, 2MB 1024, 4MB 1024
Mar 11 20:05:12 chimera kernel: [    0.012684] Last level dTLB entries: 4KB 1024, 2MB 1024, 4MB 1024, 1GB 4
Mar 11 20:05:12 chimera kernel: [    0.012933] Freeing SMP alternatives memory: 28K (ffffffff81ea5000 - ffffffff81eac000)
Mar 11 20:05:12 chimera kernel: [    0.018274] Ignoring BGRT: invalid status 0 (expected 1)
Mar 11 20:05:12 chimera kernel: [    0.019578] ftrace: allocating 30940 entries in 121 pages
Mar 11 20:05:12 chimera kernel: [    0.028897] x2apic: IRQ remapping doesn't support X2APIC mode
Mar 11 20:05:12 chimera kernel: [    0.029297] ..TIMER: vector=0x30 apic1=0 pin1=2 apic2=-1 pin2=-1
Mar 11 20:05:12 chimera kernel: [    0.069015] TSC deadline timer enabled
Mar 11 20:05:12 chimera kernel: [    0.069016] smpboot: CPU0: Intel(R) Core(TM) i5-4460  CPU @ 3.20GHz (fam: 06, model: 3c, stepping: 03)
Mar 11 20:05:12 chimera kernel: [    0.069033] Performance Events: PEBS fmt2+, 16-deep LBR, Haswell events, full-width counters, Intel PMU driver.
Mar 11 20:05:12 chimera kernel: [    0.069048] ... version:                3
Mar 11 20:05:12 chimera kernel: [    0.069049] ... bit width:              48
Mar 11 20:05:12 chimera kernel: [    0.069049] ... generic registers:      8
Mar 11 20:05:12 chimera kernel: [    0.069050] ... value mask:             0000ffffffffffff
Mar 11 20:05:12 chimera kernel: [    0.069050] ... max period:             0000ffffffffffff
Mar 11 20:05:12 chimera kernel: [    0.069051] ... fixed-purpose events:   3
Mar 11 20:05:12 chimera kernel: [    0.069051] ... event mask:             00000007000000ff
Mar 11 20:05:12 chimera kernel: [    0.069618] x86: Booting SMP configuration:
Mar 11 20:05:12 chimera kernel: [    0.069620] .... node  #0, CPUs:      #1
Mar 11 20:05:12 chimera kernel: [    0.071584] microcode: CPU1 microcode updated early to revision 0x1c, date = 2014-07-03
Mar 11 20:05:12 chimera kernel: [    0.074483] NMI watchdog: enabled on all CPUs, permanently consumes one hw-PMU counter.
Mar 11 20:05:12 chimera kernel: [    0.074545]  #2
Mar 11 20:05:12 chimera kernel: [    0.076510] microcode: CPU2 microcode updated early to revision 0x1c, date = 2014-07-03
Mar 11 20:05:12 chimera kernel: [    0.079515]  #3<6>[    0.081482] microcode: CPU3 microcode updated early to revision 0x1c, date = 2014-07-03
Mar 11 20:05:12 chimera kernel: [    0.084428] x86: Booted up 1 node, 4 CPUs
Mar 11 20:05:12 chimera kernel: [    0.084430] smpboot: Total of 4 processors activated (25540.92 BogoMIPS)
Mar 11 20:05:12 chimera kernel: [    0.087266] devtmpfs: initialized
Mar 11 20:05:12 chimera kernel: [    0.088830] evm: security.selinux
Mar 11 20:05:12 chimera kernel: [    0.088831] evm: security.SMACK64
Mar 11 20:05:12 chimera kernel: [    0.088831] evm: security.SMACK64EXEC
Mar 11 20:05:12 chimera kernel: [    0.088832] evm: security.SMACK64TRANSMUTE
Mar 11 20:05:12 chimera kernel: [    0.088832] evm: security.SMACK64MMAP
Mar 11 20:05:12 chimera kernel: [    0.088833] evm: security.ima
Mar 11 20:05:12 chimera kernel: [    0.088834] evm: security.capability
Mar 11 20:05:12 chimera kernel: [    0.088867] PM: Registering ACPI NVS region [mem 0xcb0b4000-0xcb0bafff] (28672 bytes)
Mar 11 20:05:12 chimera kernel: [    0.088869] PM: Registering ACPI NVS region [mem 0xdd9ec000-0xddf27fff] (5488640 bytes)
Mar 11 20:05:12 chimera kernel: [    0.088962] clocksource: jiffies: mask: 0xffffffff max_cycles: 0xffffffff, max_idle_ns: 7645041785100000 ns
Mar 11 20:05:12 chimera kernel: [    0.089014] pinctrl core: initialized pinctrl subsystem
Mar 11 20:05:12 chimera kernel: [    0.089093] RTC time: 20:05:10, date: 03/11/16
Mar 11 20:05:12 chimera kernel: [    0.089172] NET: Registered protocol family 16
Mar 11 20:05:12 chimera kernel: [    0.095163] cpuidle: using governor ladder
Mar 11 20:05:12 chimera kernel: [    0.099171] cpuidle: using governor menu
Mar 11 20:05:12 chimera kernel: [    0.099245] ACPI FADT declares the system doesn't support PCIe ASPM, so disable it
Mar 11 20:05:12 chimera kernel: [    0.099246] ACPI: bus type PCI registered
Mar 11 20:05:12 chimera kernel: [    0.099247] acpiphp: ACPI Hot Plug PCI Controller Driver version: 0.5
Mar 11 20:05:12 chimera kernel: [    0.099300] PCI: MMCONFIG for domain 0000 [bus 00-3f] at [mem 0xf8000000-0xfbffffff] (base 0xf8000000)
Mar 11 20:05:12 chimera kernel: [    0.099301] PCI: MMCONFIG at [mem 0xf8000000-0xfbffffff] reserved in E820
Mar 11 20:05:12 chimera kernel: [    0.099305] PCI: Using configuration type 1 for base access
Mar 11 20:05:12 chimera kernel: [    0.099531] NMI watchdog: enabled on all CPUs, permanently consumes one hw-PMU counter.
Mar 11 20:05:12 chimera kernel: [    0.099547] perf_event_intel: PMU erratum BJ122, BV98, HSD29 workaround disabled, HT off
Mar 11 20:05:12 chimera kernel: [    0.107404] ACPI: Added _OSI(Module Device)
Mar 11 20:05:12 chimera kernel: [    0.107406] ACPI: Added _OSI(Processor Device)
Mar 11 20:05:12 chimera kernel: [    0.107407] ACPI: Added _OSI(3.0 _SCP Extensions)
Mar 11 20:05:12 chimera kernel: [    0.107407] ACPI: Added _OSI(Processor Aggregator Device)
Mar 11 20:05:12 chimera kernel: [    0.110001] ACPI: Executed 1 blocks of module-level executable AML code
Mar 11 20:05:12 chimera kernel: [    0.111893] [Firmware Bug]: ACPI: BIOS _OSI(Linux) query ignored
Mar 11 20:05:12 chimera kernel: [    0.112389] ACPI: Dynamic OEM Table Load:
Mar 11 20:05:12 chimera kernel: [    0.112393] ACPI: SSDT 0xFFFF880214D43800 0003D3 (v01 PmRef  Cpu0Cst  00003001 INTL 20091112)
Mar 11 20:05:12 chimera kernel: [    0.112862] ACPI: Dynamic OEM Table Load:
Mar 11 20:05:12 chimera kernel: [    0.112866] ACPI: SSDT 0xFFFF8802153C3800 0005AA (v01 PmRef  ApIst    00003000 INTL 20091112)
Mar 11 20:05:12 chimera kernel: [    0.113370] ACPI: Dynamic OEM Table Load:
Mar 11 20:05:12 chimera kernel: [    0.113373] ACPI: SSDT 0xFFFF880214DBCE00 000119 (v01 PmRef  ApCst    00003000 INTL 20091112)
Mar 11 20:05:12 chimera kernel: [    0.114097] ACPI: Interpreter enabled
Mar 11 20:05:12 chimera kernel: [    0.114103] ACPI Exception: AE_NOT_FOUND, While evaluating Sleep State [\_S1_] (20150619/hwxface-580)
Mar 11 20:05:12 chimera kernel: [    0.114107] ACPI Exception: AE_NOT_FOUND, While evaluating Sleep State [\_S2_] (20150619/hwxface-580)
Mar 11 20:05:12 chimera kernel: [    0.114120] ACPI: (supports S0 S3 S4 S5)
Mar 11 20:05:12 chimera kernel: [    0.114121] ACPI: Using IOAPIC for interrupt routing
Mar 11 20:05:12 chimera kernel: [    0.114139] PCI: Using host bridge windows from ACPI; if necessary, use "pci=nocrs" and report a bug
Mar 11 20:05:12 chimera kernel: [    0.119924] ACPI: Power Resource [FN00] (off)
Mar 11 20:05:12 chimera kernel: [    0.119979] ACPI: Power Resource [FN01] (off)
Mar 11 20:05:12 chimera kernel: [    0.120031] ACPI: Power Resource [FN02] (off)
Mar 11 20:05:12 chimera kernel: [    0.120084] ACPI: Power Resource [FN03] (off)
Mar 11 20:05:12 chimera kernel: [    0.120137] ACPI: Power Resource [FN04] (off)
Mar 11 20:05:12 chimera kernel: [    0.120693] ACPI: PCI Root Bridge [PCI0] (domain 0000 [bus 00-3e])
Mar 11 20:05:12 chimera kernel: [    0.120697] acpi PNP0A08:00: _OSC: OS supports [ExtendedConfig ASPM ClockPM Segments MSI]
Mar 11 20:05:12 chimera kernel: [    0.120848] acpi PNP0A08:00: _OSC: platform does not support [PCIeHotplug PME]
Mar 11 20:05:12 chimera kernel: [    0.120935] acpi PNP0A08:00: _OSC: OS now controls [AER PCIeCapability]
Mar 11 20:05:12 chimera kernel: [    0.120937] acpi PNP0A08:00: FADT indicates ASPM is unsupported, using BIOS configuration
Mar 11 20:05:12 chimera kernel: [    0.121169] PCI host bridge to bus 0000:00
Mar 11 20:05:12 chimera kernel: [    0.121171] pci_bus 0000:00: root bus resource [bus 00-3e]
Mar 11 20:05:12 chimera kernel: [    0.121172] pci_bus 0000:00: root bus resource [io  0x0000-0x0cf7 window]
Mar 11 20:05:12 chimera kernel: [    0.121173] pci_bus 0000:00: root bus resource [io  0x0d00-0xffff window]
Mar 11 20:05:12 chimera kernel: [    0.121175] pci_bus 0000:00: root bus resource [mem 0x000a0000-0x000bffff window]
Mar 11 20:05:12 chimera kernel: [    0.121176] pci_bus 0000:00: root bus resource [mem 0x000c0000-0x000c3fff window]
Mar 11 20:05:12 chimera kernel: [    0.121177] pci_bus 0000:00: root bus resource [mem 0x000c4000-0x000c7fff window]
Mar 11 20:05:12 chimera kernel: [    0.121178] pci_bus 0000:00: root bus resource [mem 0x000c8000-0x000cbfff window]
Mar 11 20:05:12 chimera kernel: [    0.121180] pci_bus 0000:00: root bus resource [mem 0x000cc000-0x000cffff window]
Mar 11 20:05:12 chimera kernel: [    0.121181] pci_bus 0000:00: root bus resource [mem 0x000d0000-0x000d3fff window]
Mar 11 20:05:12 chimera kernel: [    0.121182] pci_bus 0000:00: root bus resource [mem 0x000d4000-0x000d7fff window]
Mar 11 20:05:12 chimera kernel: [    0.121183] pci_bus 0000:00: root bus resource [mem 0x000d8000-0x000dbfff window]
Mar 11 20:05:12 chimera kernel: [    0.121184] pci_bus 0000:00: root bus resource [mem 0x000dc000-0x000dffff window]
Mar 11 20:05:12 chimera kernel: [    0.121185] pci_bus 0000:00: root bus resource [mem 0xe0000000-0xfeafffff window]
Mar 11 20:05:12 chimera kernel: [    0.121191] pci 0000:00:00.0: [8086:0c00] type 00 class 0x060000
Mar 11 20:05:12 chimera kernel: [    0.121253] pci 0000:00:01.0: [8086:0c01] type 01 class 0x060400
Mar 11 20:05:12 chimera kernel: [    0.121276] pci 0000:00:01.0: PME# supported from D0 D3hot D3cold
Mar 11 20:05:12 chimera kernel: [    0.121332] pci 0000:00:01.0: System wakeup disabled by ACPI
Mar 11 20:05:12 chimera kernel: [    0.121378] pci 0000:00:14.0: [8086:8c31] type 00 class 0x0c0330
Mar 11 20:05:12 chimera kernel: [    0.121394] pci 0000:00:14.0: reg 0x10: [mem 0xf7f20000-0xf7f2ffff 64bit]
Mar 11 20:05:12 chimera kernel: [    0.121442] pci 0000:00:14.0: PME# supported from D3hot D3cold
Mar 11 20:05:12 chimera kernel: [    0.121470] pci 0000:00:14.0: System wakeup disabled by ACPI
Mar 11 20:05:12 chimera kernel: [    0.121498] pci 0000:00:16.0: [8086:8c3a] type 00 class 0x078000
Mar 11 20:05:12 chimera kernel: [    0.121513] pci 0000:00:16.0: reg 0x10: [mem 0xf7f3b000-0xf7f3b00f 64bit]
Mar 11 20:05:12 chimera kernel: [    0.121564] pci 0000:00:16.0: PME# supported from D0 D3hot D3cold
Mar 11 20:05:12 chimera kernel: [    0.121619] pci 0000:00:19.0: [8086:153b] type 00 class 0x020000
Mar 11 20:05:12 chimera kernel: [    0.121631] pci 0000:00:19.0: reg 0x10: [mem 0xf7f00000-0xf7f1ffff]
Mar 11 20:05:12 chimera kernel: [    0.121638] pci 0000:00:19.0: reg 0x14: [mem 0xf7f39000-0xf7f39fff]
Mar 11 20:05:12 chimera kernel: [    0.121645] pci 0000:00:19.0: reg 0x18: [io  0xf040-0xf05f]
Mar 11 20:05:12 chimera kernel: [    0.121690] pci 0000:00:19.0: PME# supported from D0 D3hot D3cold
Mar 11 20:05:12 chimera kernel: [    0.121716] pci 0000:00:19.0: System wakeup disabled by ACPI
Mar 11 20:05:12 chimera kernel: [    0.121745] pci 0000:00:1a.0: [8086:8c2d] type 00 class 0x0c0320
Mar 11 20:05:12 chimera kernel: [    0.121760] pci 0000:00:1a.0: reg 0x10: [mem 0xf7f38000-0xf7f383ff]
Mar 11 20:05:12 chimera kernel: [    0.121828] pci 0000:00:1a.0: PME# supported from D0 D3hot D3cold
Mar 11 20:05:12 chimera kernel: [    0.121863] pci 0000:00:1a.0: System wakeup disabled by ACPI
Mar 11 20:05:12 chimera kernel: [    0.121892] pci 0000:00:1b.0: [8086:8c20] type 00 class 0x040300
Mar 11 20:05:12 chimera kernel: [    0.121904] pci 0000:00:1b.0: reg 0x10: [mem 0xf7f30000-0xf7f33fff 64bit]
Mar 11 20:05:12 chimera kernel: [    0.121951] pci 0000:00:1b.0: PME# supported from D0 D3hot D3cold
Mar 11 20:05:12 chimera kernel: [    0.121978] pci 0000:00:1b.0: System wakeup disabled by ACPI
Mar 11 20:05:12 chimera kernel: [    0.122005] pci 0000:00:1c.0: [8086:8c10] type 01 class 0x060400
Mar 11 20:05:12 chimera kernel: [    0.122055] pci 0000:00:1c.0: PME# supported from D0 D3hot D3cold
Mar 11 20:05:12 chimera kernel: [    0.122105] pci 0000:00:1c.0: System wakeup disabled by ACPI
Mar 11 20:05:12 chimera kernel: [    0.122133] pci 0000:00:1c.1: [8086:8c12] type 01 class 0x060400
Mar 11 20:05:12 chimera kernel: [    0.122183] pci 0000:00:1c.1: PME# supported from D0 D3hot D3cold
Mar 11 20:05:12 chimera kernel: [    0.122232] pci 0000:00:1c.1: System wakeup disabled by ACPI
Mar 11 20:05:12 chimera kernel: [    0.122265] pci 0000:00:1d.0: [8086:8c26] type 00 class 0x0c0320
Mar 11 20:05:12 chimera kernel: [    0.122280] pci 0000:00:1d.0: reg 0x10: [mem 0xf7f37000-0xf7f373ff]
Mar 11 20:05:12 chimera kernel: [    0.122348] pci 0000:00:1d.0: PME# supported from D0 D3hot D3cold
Mar 11 20:05:12 chimera kernel: [    0.122384] pci 0000:00:1d.0: System wakeup disabled by ACPI
Mar 11 20:05:12 chimera kernel: [    0.122413] pci 0000:00:1f.0: [8086:8c5c] type 00 class 0x060100
Mar 11 20:05:12 chimera kernel: [    0.122546] pci 0000:00:1f.2: [8086:8c02] type 00 class 0x010601
Mar 11 20:05:12 chimera kernel: [    0.122557] pci 0000:00:1f.2: reg 0x10: [io  0xf090-0xf097]
Mar 11 20:05:12 chimera kernel: [    0.122563] pci 0000:00:1f.2: reg 0x14: [io  0xf080-0xf083]
Mar 11 20:05:12 chimera kernel: [    0.122569] pci 0000:00:1f.2: reg 0x18: [io  0xf070-0xf077]
Mar 11 20:05:12 chimera kernel: [    0.122575] pci 0000:00:1f.2: reg 0x1c: [io  0xf060-0xf063]
Mar 11 20:05:12 chimera kernel: [    0.122581] pci 0000:00:1f.2: reg 0x20: [io  0xf020-0xf03f]
Mar 11 20:05:12 chimera kernel: [    0.122587] pci 0000:00:1f.2: reg 0x24: [mem 0xf7f36000-0xf7f367ff]
Mar 11 20:05:12 chimera kernel: [    0.122613] pci 0000:00:1f.2: PME# supported from D3hot
Mar 11 20:05:12 chimera kernel: [    0.122661] pci 0000:00:1f.3: [8086:8c22] type 00 class 0x0c0500
Mar 11 20:05:12 chimera kernel: [    0.122673] pci 0000:00:1f.3: reg 0x10: [mem 0xf7f35000-0xf7f350ff 64bit]
Mar 11 20:05:12 chimera kernel: [    0.122690] pci 0000:00:1f.3: reg 0x20: [io  0xf000-0xf01f]
Mar 11 20:05:12 chimera kernel: [    0.122777] pci 0000:01:00.0: [1002:6611] type 00 class 0x030000
Mar 11 20:05:12 chimera kernel: [    0.122787] pci 0000:01:00.0: reg 0x10: [mem 0xe0000000-0xefffffff 64bit pref]
Mar 11 20:05:12 chimera kernel: [    0.122794] pci 0000:01:00.0: reg 0x18: [mem 0xf7e00000-0xf7e3ffff 64bit]
Mar 11 20:05:12 chimera kernel: [    0.122799] pci 0000:01:00.0: reg 0x20: [io  0xe000-0xe0ff]
Mar 11 20:05:12 chimera kernel: [    0.122808] pci 0000:01:00.0: reg 0x30: [mem 0xf7e40000-0xf7e5ffff pref]
Mar 11 20:05:12 chimera kernel: [    0.122832] pci 0000:01:00.0: supports D1 D2
Mar 11 20:05:12 chimera kernel: [    0.122833] pci 0000:01:00.0: PME# supported from D1 D2 D3hot
Mar 11 20:05:12 chimera kernel: [    0.122847] pci 0000:01:00.0: System wakeup disabled by ACPI
Mar 11 20:05:12 chimera kernel: [    0.122874] pci 0000:01:00.1: [1002:aab0] type 00 class 0x040300
Mar 11 20:05:12 chimera kernel: [    0.122883] pci 0000:01:00.1: reg 0x10: [mem 0xf7e60000-0xf7e63fff 64bit]
Mar 11 20:05:12 chimera kernel: [    0.122919] pci 0000:01:00.1: supports D1 D2
Mar 11 20:05:12 chimera kernel: [    0.131560] pci 0000:00:01.0: PCI bridge to [bus 01]
Mar 11 20:05:12 chimera kernel: [    0.131562] pci 0000:00:01.0:   bridge window [io  0xe000-0xefff]
Mar 11 20:05:12 chimera kernel: [    0.131564] pci 0000:00:01.0:   bridge window [mem 0xf7e00000-0xf7efffff]
Mar 11 20:05:12 chimera kernel: [    0.131566] pci 0000:00:01.0:   bridge window [mem 0xe0000000-0xefffffff 64bit pref]
Mar 11 20:05:12 chimera kernel: [    0.131612] acpiphp: Slot [1] registered
Mar 11 20:05:12 chimera kernel: [    0.131616] pci 0000:00:1c.0: PCI bridge to [bus 02]
Mar 11 20:05:12 chimera kernel: [    0.131677] pci 0000:03:00.0: [10ec:8821] type 00 class 0x028000
Mar 11 20:05:12 chimera kernel: [    0.131693] pci 0000:03:00.0: reg 0x10: [io  0xd000-0xd0ff]
Mar 11 20:05:12 chimera kernel: [    0.131717] pci 0000:03:00.0: reg 0x18: [mem 0xf7d00000-0xf7d03fff 64bit]
Mar 11 20:05:12 chimera kernel: [    0.131803] pci 0000:03:00.0: supports D1 D2
Mar 11 20:05:12 chimera kernel: [    0.131804] pci 0000:03:00.0: PME# supported from D0 D1 D2 D3hot D3cold
Mar 11 20:05:12 chimera kernel: [    0.131830] pci 0000:03:00.0: System wakeup disabled by ACPI
Mar 11 20:05:12 chimera kernel: [    0.139578] pci 0000:00:1c.1: PCI bridge to [bus 03]
Mar 11 20:05:12 chimera kernel: [    0.139580] pci 0000:00:1c.1:   bridge window [io  0xd000-0xdfff]
Mar 11 20:05:12 chimera kernel: [    0.139583] pci 0000:00:1c.1:   bridge window [mem 0xf7d00000-0xf7dfffff]
Mar 11 20:05:12 chimera kernel: [    0.140016] ACPI: PCI Interrupt Link [LNKA] (IRQs 3 4 5 6 7 10 11 12 14 15) *0, disabled.
Mar 11 20:05:12 chimera kernel: [    0.140046] ACPI: PCI Interrupt Link [LNKB] (IRQs 3 4 5 6 7 10 11 12 14 15) *0, disabled.
Mar 11 20:05:12 chimera kernel: [    0.140074] ACPI: PCI Interrupt Link [LNKC] (IRQs 3 4 5 6 7 10 11 12 14 15) *0, disabled.
Mar 11 20:05:12 chimera kernel: [    0.140102] ACPI: PCI Interrupt Link [LNKD] (IRQs 3 4 5 6 7 10 11 12 14 15) *0, disabled.
Mar 11 20:05:12 chimera kernel: [    0.140131] ACPI: PCI Interrupt Link [LNKE] (IRQs 3 4 5 6 7 10 11 12 14 15) *0, disabled.
Mar 11 20:05:12 chimera kernel: [    0.140160] ACPI: PCI Interrupt Link [LNKF] (IRQs 3 4 5 6 7 10 11 12 14 15) *0, disabled.
Mar 11 20:05:12 chimera kernel: [    0.140188] ACPI: PCI Interrupt Link [LNKG] (IRQs 3 4 5 6 7 10 11 12 14 15) *0, disabled.
Mar 11 20:05:12 chimera kernel: [    0.140217] ACPI: PCI Interrupt Link [LNKH] (IRQs 3 4 5 6 7 10 11 12 14 15) *0, disabled.
Mar 11 20:05:12 chimera kernel: [    0.140410] ACPI: Enabled 5 GPEs in block 00 to 3F
Mar 11 20:05:12 chimera kernel: [    0.140479] vgaarb: setting as boot device: PCI:0000:01:00.0
Mar 11 20:05:12 chimera kernel: [    0.140481] vgaarb: device added: PCI:0000:01:00.0,decodes=io+mem,owns=io+mem,locks=none
Mar 11 20:05:12 chimera kernel: [    0.140481] vgaarb: loaded
Mar 11 20:05:12 chimera kernel: [    0.140482] vgaarb: bridge control possible 0000:01:00.0
Mar 11 20:05:12 chimera kernel: [    0.140626] SCSI subsystem initialized
Mar 11 20:05:12 chimera kernel: [    0.140646] libata version 3.00 loaded.
Mar 11 20:05:12 chimera kernel: [    0.140660] ACPI: bus type USB registered
Mar 11 20:05:12 chimera kernel: [    0.140672] usbcore: registered new interface driver usbfs
Mar 11 20:05:12 chimera kernel: [    0.140678] usbcore: registered new interface driver hub
Mar 11 20:05:12 chimera kernel: [    0.140687] usbcore: registered new device driver usb
Mar 11 20:05:12 chimera kernel: [    0.140807] PCI: Using ACPI for IRQ routing
Mar 11 20:05:12 chimera kernel: [    0.142045] PCI: pci_cache_line_size set to 64 bytes
Mar 11 20:05:12 chimera kernel: [    0.142076] e820: reserve RAM buffer [mem 0x00058000-0x0005ffff]
Mar 11 20:05:12 chimera kernel: [    0.142077] e820: reserve RAM buffer [mem 0x0009e000-0x0009ffff]
Mar 11 20:05:12 chimera kernel: [    0.142078] e820: reserve RAM buffer [mem 0xcad8f018-0xcbffffff]
Mar 11 20:05:12 chimera kernel: [    0.142079] e820: reserve RAM buffer [mem 0xcb0b4000-0xcbffffff]
Mar 11 20:05:12 chimera kernel: [    0.142080] e820: reserve RAM buffer [mem 0xcb509000-0xcbffffff]
Mar 11 20:05:12 chimera kernel: [    0.142081] e820: reserve RAM buffer [mem 0xdd7b8000-0xdfffffff]
Mar 11 20:05:12 chimera kernel: [    0.142082] e820: reserve RAM buffer [mem 0xdf000000-0xdfffffff]
Mar 11 20:05:12 chimera kernel: [    0.142083] e820: reserve RAM buffer [mem 0x21f000000-0x21fffffff]
Mar 11 20:05:12 chimera kernel: [    0.142158] NetLabel: Initializing
Mar 11 20:05:12 chimera kernel: [    0.142159] NetLabel:  domain hash size = 128
Mar 11 20:05:12 chimera kernel: [    0.142160] NetLabel:  protocols = UNLABELED CIPSOv4
Mar 11 20:05:12 chimera kernel: [    0.142168] NetLabel:  unlabeled traffic allowed by default
Mar 11 20:05:12 chimera kernel: [    0.142210] hpet0: at MMIO 0xfed00000, IRQs 2, 8, 0, 0, 0, 0, 0, 0
Mar 11 20:05:12 chimera kernel: [    0.142214] hpet0: 8 comparators, 64-bit 14.318180 MHz counter
Mar 11 20:05:12 chimera kernel: [    0.145236] clocksource: Switched to clocksource hpet
Mar 11 20:05:12 chimera kernel: [    0.149150] AppArmor: AppArmor Filesystem Enabled
Mar 11 20:05:12 chimera kernel: [    0.149197] pnp: PnP ACPI init
Mar 11 20:05:12 chimera kernel: [    0.149274] system 00:00: [mem 0xfed40000-0xfed44fff] has been reserved
Mar 11 20:05:12 chimera kernel: [    0.149277] system 00:00: Plug and Play ACPI device, IDs PNP0c01 (active)
Mar 11 20:05:12 chimera kernel: [    0.149393] system 00:01: [io  0x0680-0x069f] has been reserved
Mar 11 20:05:12 chimera kernel: [    0.149395] system 00:01: [io  0xffff] has been reserved
Mar 11 20:05:12 chimera kernel: [    0.149396] system 00:01: [io  0xffff] has been reserved
Mar 11 20:05:12 chimera kernel: [    0.149398] system 00:01: [io  0xffff] has been reserved
Mar 11 20:05:12 chimera kernel: [    0.149399] system 00:01: [io  0x1c00-0x1cfe] has been reserved
Mar 11 20:05:12 chimera kernel: [    0.149400] system 00:01: [io  0x1d00-0x1dfe] has been reserved
Mar 11 20:05:12 chimera kernel: [    0.149402] system 00:01: [io  0x1e00-0x1efe] has been reserved
Mar 11 20:05:12 chimera kernel: [    0.149403] system 00:01: [io  0x1f00-0x1ffe] has been reserved
Mar 11 20:05:12 chimera kernel: [    0.149404] system 00:01: [io  0x1800-0x18fe] could not be reserved
Mar 11 20:05:12 chimera kernel: [    0.149406] system 00:01: [io  0x164e-0x164f] has been reserved
Mar 11 20:05:12 chimera kernel: [    0.149408] system 00:01: Plug and Play ACPI device, IDs PNP0c02 (active)
Mar 11 20:05:12 chimera kernel: [    0.149425] pnp 00:02: Plug and Play ACPI device, IDs PNP0b00 (active)
Mar 11 20:05:12 chimera kernel: [    0.149456] system 00:03: [io  0x1854-0x1857] has been reserved
Mar 11 20:05:12 chimera kernel: [    0.149458] system 00:03: Plug and Play ACPI device, IDs INT3f0d PNP0c02 (active)
Mar 11 20:05:12 chimera kernel: [    0.149511] system 00:04: [io  0x0290-0x029f] has been reserved
Mar 11 20:05:12 chimera kernel: [    0.149513] system 00:04: Plug and Play ACPI device, IDs PNP0c02 (active)
Mar 11 20:05:12 chimera kernel: [    0.149545] system 00:05: [io  0x04d0-0x04d1] has been reserved
Mar 11 20:05:12 chimera kernel: [    0.149547] system 00:05: Plug and Play ACPI device, IDs PNP0c02 (active)
Mar 11 20:05:12 chimera kernel: [    0.149847] system 00:06: [mem 0xfed1c000-0xfed1ffff] has been reserved
Mar 11 20:05:12 chimera kernel: [    0.149848] system 00:06: [mem 0xfed10000-0xfed17fff] has been reserved
Mar 11 20:05:12 chimera kernel: [    0.149850] system 00:06: [mem 0xfed18000-0xfed18fff] has been reserved
Mar 11 20:05:12 chimera kernel: [    0.149851] system 00:06: [mem 0xfed19000-0xfed19fff] has been reserved
Mar 11 20:05:12 chimera kernel: [    0.149853] system 00:06: [mem 0xf8000000-0xfbffffff] has been reserved
Mar 11 20:05:12 chimera kernel: [    0.149854] system 00:06: [mem 0xfed20000-0xfed3ffff] has been reserved
Mar 11 20:05:12 chimera kernel: [    0.149855] system 00:06: [mem 0xfed90000-0xfed93fff] has been reserved
Mar 11 20:05:12 chimera kernel: [    0.149857] system 00:06: [mem 0xfed45000-0xfed8ffff] has been reserved
Mar 11 20:05:12 chimera kernel: [    0.149858] system 00:06: [mem 0xff000000-0xffffffff] has been reserved
Mar 11 20:05:12 chimera kernel: [    0.149860] system 00:06: [mem 0xfee00000-0xfeefffff] could not be reserved
Mar 11 20:05:12 chimera kernel: [    0.149861] system 00:06: [mem 0xf7fdf000-0xf7fdffff] has been reserved
Mar 11 20:05:12 chimera kernel: [    0.149862] system 00:06: [mem 0xf7fe0000-0xf7feffff] has been reserved
Mar 11 20:05:12 chimera kernel: [    0.149864] system 00:06: Plug and Play ACPI device, IDs PNP0c02 (active)
Mar 11 20:05:12 chimera kernel: [    0.150010] pnp: PnP ACPI: found 7 devices
Mar 11 20:05:12 chimera kernel: [    0.155727] clocksource: acpi_pm: mask: 0xffffff max_cycles: 0xffffff, max_idle_ns: 2085701024 ns
Mar 11 20:05:12 chimera kernel: [    0.155741] pci 0000:00:1c.0: bridge window [io  0x1000-0x0fff] to [bus 02] add_size 1000
Mar 11 20:05:12 chimera kernel: [    0.155743] pci 0000:00:1c.0: bridge window [mem 0x00100000-0x000fffff 64bit pref] to [bus 02] add_size 200000 add_align 100000
Mar 11 20:05:12 chimera kernel: [    0.155744] pci 0000:00:1c.0: bridge window [mem 0x00100000-0x000fffff] to [bus 02] add_size 200000 add_align 100000
Mar 11 20:05:12 chimera kernel: [    0.155752] pci 0000:00:1c.0: res[14]=[mem 0x00100000-0x000fffff] res_to_dev_res add_size 200000 min_align 100000
Mar 11 20:05:12 chimera kernel: [    0.155753] pci 0000:00:1c.0: res[14]=[mem 0x00100000-0x002fffff] res_to_dev_res add_size 200000 min_align 100000
Mar 11 20:05:12 chimera kernel: [    0.155755] pci 0000:00:1c.0: res[15]=[mem 0x00100000-0x000fffff 64bit pref] res_to_dev_res add_size 200000 min_align 100000
Mar 11 20:05:12 chimera kernel: [    0.155756] pci 0000:00:1c.0: res[15]=[mem 0x00100000-0x002fffff 64bit pref] res_to_dev_res add_size 200000 min_align 100000
Mar 11 20:05:12 chimera kernel: [    0.155757] pci 0000:00:1c.0: res[13]=[io  0x1000-0x0fff] res_to_dev_res add_size 1000 min_align 1000
Mar 11 20:05:12 chimera kernel: [    0.155758] pci 0000:00:1c.0: res[13]=[io  0x1000-0x1fff] res_to_dev_res add_size 1000 min_align 1000
Mar 11 20:05:12 chimera kernel: [    0.155762] pci 0000:00:1c.0: BAR 14: assigned [mem 0xf0000000-0xf01fffff]
Mar 11 20:05:12 chimera kernel: [    0.155767] pci 0000:00:1c.0: BAR 15: assigned [mem 0xf0200000-0xf03fffff 64bit pref]
Mar 11 20:05:12 chimera kernel: [    0.155769] pci 0000:00:1c.0: BAR 13: assigned [io  0x2000-0x2fff]
Mar 11 20:05:12 chimera kernel: [    0.155771] pci 0000:00:01.0: PCI bridge to [bus 01]
Mar 11 20:05:12 chimera kernel: [    0.155772] pci 0000:00:01.0:   bridge window [io  0xe000-0xefff]
Mar 11 20:05:12 chimera kernel: [    0.155774] pci 0000:00:01.0:   bridge window [mem 0xf7e00000-0xf7efffff]
Mar 11 20:05:12 chimera kernel: [    0.155776] pci 0000:00:01.0:   bridge window [mem 0xe0000000-0xefffffff 64bit pref]
Mar 11 20:05:12 chimera kernel: [    0.155779] pci 0000:00:1c.0: PCI bridge to [bus 02]
Mar 11 20:05:12 chimera kernel: [    0.155780] pci 0000:00:1c.0:   bridge window [io  0x2000-0x2fff]
Mar 11 20:05:12 chimera kernel: [    0.155784] pci 0000:00:1c.0:   bridge window [mem 0xf0000000-0xf01fffff]
Mar 11 20:05:12 chimera kernel: [    0.155786] pci 0000:00:1c.0:   bridge window [mem 0xf0200000-0xf03fffff 64bit pref]
Mar 11 20:05:12 chimera kernel: [    0.155790] pci 0000:00:1c.1: PCI bridge to [bus 03]
Mar 11 20:05:12 chimera kernel: [    0.155792] pci 0000:00:1c.1:   bridge window [io  0xd000-0xdfff]
Mar 11 20:05:12 chimera kernel: [    0.155795] pci 0000:00:1c.1:   bridge window [mem 0xf7d00000-0xf7dfffff]
Mar 11 20:05:12 chimera kernel: [    0.155801] pci_bus 0000:00: resource 4 [io  0x0000-0x0cf7 window]
Mar 11 20:05:12 chimera kernel: [    0.155803] pci_bus 0000:00: resource 5 [io  0x0d00-0xffff window]
Mar 11 20:05:12 chimera kernel: [    0.155804] pci_bus 0000:00: resource 6 [mem 0x000a0000-0x000bffff window]
Mar 11 20:05:12 chimera kernel: [    0.155805] pci_bus 0000:00: resource 7 [mem 0x000c0000-0x000c3fff window]
Mar 11 20:05:12 chimera kernel: [    0.155806] pci_bus 0000:00: resource 8 [mem 0x000c4000-0x000c7fff window]
Mar 11 20:05:12 chimera kernel: [    0.155807] pci_bus 0000:00: resource 9 [mem 0x000c8000-0x000cbfff window]
Mar 11 20:05:12 chimera kernel: [    0.155808] pci_bus 0000:00: resource 10 [mem 0x000cc000-0x000cffff window]
Mar 11 20:05:12 chimera kernel: [    0.155809] pci_bus 0000:00: resource 11 [mem 0x000d0000-0x000d3fff window]
Mar 11 20:05:12 chimera kernel: [    0.155810] pci_bus 0000:00: resource 12 [mem 0x000d4000-0x000d7fff window]
Mar 11 20:05:12 chimera kernel: [    0.155810] pci_bus 0000:00: resource 13 [mem 0x000d8000-0x000dbfff window]
Mar 11 20:05:12 chimera kernel: [    0.155811] pci_bus 0000:00: resource 14 [mem 0x000dc000-0x000dffff window]
Mar 11 20:05:12 chimera kernel: [    0.155812] pci_bus 0000:00: resource 15 [mem 0xe0000000-0xfeafffff window]
Mar 11 20:05:12 chimera kernel: [    0.155814] pci_bus 0000:01: resource 0 [io  0xe000-0xefff]
Mar 11 20:05:12 chimera kernel: [    0.155814] pci_bus 0000:01: resource 1 [mem 0xf7e00000-0xf7efffff]
Mar 11 20:05:12 chimera kernel: [    0.155815] pci_bus 0000:01: resource 2 [mem 0xe0000000-0xefffffff 64bit pref]
Mar 11 20:05:12 chimera kernel: [    0.155817] pci_bus 0000:02: resource 0 [io  0x2000-0x2fff]
Mar 11 20:05:12 chimera kernel: [    0.155818] pci_bus 0000:02: resource 1 [mem 0xf0000000-0xf01fffff]
Mar 11 20:05:12 chimera kernel: [    0.155819] pci_bus 0000:02: resource 2 [mem 0xf0200000-0xf03fffff 64bit pref]
Mar 11 20:05:12 chimera kernel: [    0.155820] pci_bus 0000:03: resource 0 [io  0xd000-0xdfff]
Mar 11 20:05:12 chimera kernel: [    0.155821] pci_bus 0000:03: resource 1 [mem 0xf7d00000-0xf7dfffff]
Mar 11 20:05:12 chimera kernel: [    0.155841] NET: Registered protocol family 2
Mar 11 20:05:12 chimera kernel: [    0.155957] TCP established hash table entries: 65536 (order: 7, 524288 bytes)
Mar 11 20:05:12 chimera kernel: [    0.156080] TCP bind hash table entries: 65536 (order: 8, 1048576 bytes)
Mar 11 20:05:12 chimera kernel: [    0.156245] TCP: Hash tables configured (established 65536 bind 65536)
Mar 11 20:05:12 chimera kernel: [    0.156266] UDP hash table entries: 4096 (order: 5, 131072 bytes)
Mar 11 20:05:12 chimera kernel: [    0.156292] UDP-Lite hash table entries: 4096 (order: 5, 131072 bytes)
Mar 11 20:05:12 chimera kernel: [    0.156338] NET: Registered protocol family 1
Mar 11 20:05:12 chimera kernel: [    0.197344] pci 0000:01:00.0: Video device with shadowed ROM
Mar 11 20:05:12 chimera kernel: [    0.197349] PCI: CLS 64 bytes, default 64
Mar 11 20:05:12 chimera kernel: [    0.197387] Trying to unpack rootfs image as initramfs...
Mar 11 20:05:12 chimera kernel: [    0.552722] Freeing initrd memory: 32820K (ffff88003dfee000 - ffff88003fffb000)
Mar 11 20:05:12 chimera kernel: [    0.552732] PCI-DMA: Using software bounce buffering for IO (SWIOTLB)
Mar 11 20:05:12 chimera kernel: [    0.552734] software IO TLB [mem 0xd509f000-0xd909f000] (64MB) mapped at [ffff8800d509f000-ffff8800d909efff]
Mar 11 20:05:12 chimera kernel: [    0.552792] RAPL PMU detected, API unit is 2^-32 Joules, 4 fixed counters 655360 ms ovfl timer
Mar 11 20:05:12 chimera kernel: [    0.552793] hw unit of domain pp0-core 2^-14 Joules
Mar 11 20:05:12 chimera kernel: [    0.552793] hw unit of domain package 2^-14 Joules
Mar 11 20:05:12 chimera kernel: [    0.552794] hw unit of domain dram 2^-14 Joules
Mar 11 20:05:12 chimera kernel: [    0.552794] hw unit of domain pp1-gpu 2^-14 Joules
Mar 11 20:05:12 chimera kernel: [    0.552886] microcode: CPU0 sig=0x306c3, pf=0x2, revision=0x1c
Mar 11 20:05:12 chimera kernel: [    0.552890] microcode: CPU1 sig=0x306c3, pf=0x2, revision=0x1c
Mar 11 20:05:12 chimera kernel: [    0.552895] microcode: CPU2 sig=0x306c3, pf=0x2, revision=0x1c
Mar 11 20:05:12 chimera kernel: [    0.552900] microcode: CPU3 sig=0x306c3, pf=0x2, revision=0x1c
Mar 11 20:05:12 chimera kernel: [    0.552940] microcode: Microcode Update Driver: v2.00 <tigran@aivazian.fsnet.co.uk>, Peter Oruba
Mar 11 20:05:12 chimera kernel: [    0.552994] Scanning for low memory corruption every 60 seconds
Mar 11 20:05:12 chimera kernel: [    0.553211] futex hash table entries: 1024 (order: 4, 65536 bytes)
Mar 11 20:05:12 chimera kernel: [    0.553229] Initialise system trusted keyring
Mar 11 20:05:12 chimera kernel: [    0.553246] audit: initializing netlink subsys (disabled)
Mar 11 20:05:12 chimera kernel: [    0.553261] audit: type=2000 audit(1457726709.548:1): initialized
Mar 11 20:05:12 chimera kernel: [    0.553520] HugeTLB registered 1 GB page size, pre-allocated 0 pages
Mar 11 20:05:12 chimera kernel: [    0.553521] HugeTLB registered 2 MB page size, pre-allocated 0 pages
Mar 11 20:05:12 chimera kernel: [    0.554519] zpool: loaded
Mar 11 20:05:12 chimera kernel: [    0.554520] zbud: loaded
Mar 11 20:05:12 chimera kernel: [    0.554639] VFS: Disk quotas dquot_6.6.0
Mar 11 20:05:12 chimera kernel: [    0.554660] VFS: Dquot-cache hash table entries: 512 (order 0, 4096 bytes)
Mar 11 20:05:12 chimera kernel: [    0.554971] fuse init (API version 7.23)
Mar 11 20:05:12 chimera kernel: [    0.555066] Key type big_key registered
Mar 11 20:05:12 chimera kernel: [    0.555305] Key type asymmetric registered
Mar 11 20:05:12 chimera kernel: [    0.555306] Asymmetric key parser 'x509' registered
Mar 11 20:05:12 chimera kernel: [    0.555316] Block layer SCSI generic (bsg) driver version 0.4 loaded (major 249)
Mar 11 20:05:12 chimera kernel: [    0.555340] io scheduler noop registered
Mar 11 20:05:12 chimera kernel: [    0.555342] io scheduler deadline registered (default)
Mar 11 20:05:12 chimera kernel: [    0.555361] io scheduler cfq registered
Mar 11 20:05:12 chimera kernel: [    0.555656] pci_hotplug: PCI Hot Plug PCI Core version: 0.5
Mar 11 20:05:12 chimera kernel: [    0.555661] pciehp: PCI Express Hot Plug Controller Driver version: 0.4
Mar 11 20:05:12 chimera kernel: [    0.555686] efifb: probing for efifb
Mar 11 20:05:12 chimera kernel: [    0.555693] efifb: framebuffer at 0xe0000000, mapped to 0xffffc90001000000, using 3072k, total 3072k
Mar 11 20:05:12 chimera kernel: [    0.555694] efifb: mode is 1024x768x32, linelength=4096, pages=1
Mar 11 20:05:12 chimera kernel: [    0.555695] efifb: scrolling: redraw
Mar 11 20:05:12 chimera kernel: [    0.555696] efifb: Truecolor: size=8:8:8:8, shift=24:16:8:0
Mar 11 20:05:12 chimera kernel: [    0.555752] Console: switching to colour frame buffer device 128x48
Mar 11 20:05:12 chimera kernel: [    0.555760] fb0: EFI VGA frame buffer device
Mar 11 20:05:12 chimera kernel: [    0.555766] intel_idle: MWAIT substates: 0x42120
Mar 11 20:05:12 chimera kernel: [    0.555767] intel_idle: v0.4 model 0x3C
Mar 11 20:05:12 chimera kernel: [    0.555768] intel_idle: lapic_timer_reliable_states 0xffffffff
Mar 11 20:05:12 chimera kernel: [    0.555923] input: Power Button as /devices/LNXSYSTM:00/LNXSYBUS:00/PNP0C0C:00/input/input0
Mar 11 20:05:12 chimera kernel: [    0.555925] ACPI: Power Button [PWRB]
Mar 11 20:05:12 chimera kernel: [    0.555950] input: Power Button as /devices/LNXSYSTM:00/LNXPWRBN:00/input/input1
Mar 11 20:05:12 chimera kernel: [    0.555951] ACPI: Power Button [PWRF]
Mar 11 20:05:12 chimera kernel: [    0.556423] thermal LNXTHERM:00: registered as thermal_zone0
Mar 11 20:05:12 chimera kernel: [    0.556425] ACPI: Thermal Zone [TZ00] (28 C)
Mar 11 20:05:12 chimera kernel: [    0.556553] thermal LNXTHERM:01: registered as thermal_zone1
Mar 11 20:05:12 chimera kernel: [    0.556554] ACPI: Thermal Zone [TZ01] (30 C)
Mar 11 20:05:12 chimera kernel: [    0.556586] GHES: HEST is not enabled!
Mar 11 20:05:12 chimera kernel: [    0.556648] Serial: 8250/16550 driver, 32 ports, IRQ sharing enabled
Mar 11 20:05:12 chimera kernel: [    0.557713] Linux agpgart interface v0.103
Mar 11 20:05:12 chimera kernel: [    0.559037] brd: module loaded
Mar 11 20:05:12 chimera kernel: [    0.559567] loop: module loaded
Mar 11 20:05:12 chimera kernel: [    0.559684] libphy: Fixed MDIO Bus: probed
Mar 11 20:05:12 chimera kernel: [    0.559687] tun: Universal TUN/TAP device driver, 1.6
Mar 11 20:05:12 chimera kernel: [    0.559687] tun: (C) 1999-2004 Max Krasnyansky <maxk@qualcomm.com>
Mar 11 20:05:12 chimera kernel: [    0.559712] PPP generic driver version 2.4.2
Mar 11 20:05:12 chimera kernel: [    0.559810] xhci_hcd 0000:00:14.0: xHCI Host Controller
Mar 11 20:05:12 chimera kernel: [    0.559814] xhci_hcd 0000:00:14.0: new USB bus registered, assigned bus number 1
Mar 11 20:05:12 chimera kernel: [    0.560870] xhci_hcd 0000:00:14.0: hcc params 0x200077c1 hci version 0x100 quirks 0x00009810
Mar 11 20:05:12 chimera kernel: [    0.560874] xhci_hcd 0000:00:14.0: cache line size of 64 is not supported
Mar 11 20:05:12 chimera kernel: [    0.560929] usb usb1: New USB device found, idVendor=1d6b, idProduct=0002
Mar 11 20:05:12 chimera kernel: [    0.560930] usb usb1: New USB device strings: Mfr=3, Product=2, SerialNumber=1
Mar 11 20:05:12 chimera kernel: [    0.560931] usb usb1: Product: xHCI Host Controller
Mar 11 20:05:12 chimera kernel: [    0.560932] usb usb1: Manufacturer: Linux 4.2.0-30-generic xhci-hcd
Mar 11 20:05:12 chimera kernel: [    0.560933] usb usb1: SerialNumber: 0000:00:14.0
Mar 11 20:05:12 chimera kernel: [    0.561001] hub 1-0:1.0: USB hub found
Mar 11 20:05:12 chimera kernel: [    0.561010] hub 1-0:1.0: 10 ports detected
Mar 11 20:05:12 chimera kernel: [    0.562530] xhci_hcd 0000:00:14.0: xHCI Host Controller
Mar 11 20:05:12 chimera kernel: [    0.562532] xhci_hcd 0000:00:14.0: new USB bus registered, assigned bus number 2
Mar 11 20:05:12 chimera kernel: [    0.562551] usb usb2: New USB device found, idVendor=1d6b, idProduct=0003
Mar 11 20:05:12 chimera kernel: [    0.562552] usb usb2: New USB device strings: Mfr=3, Product=2, SerialNumber=1
Mar 11 20:05:12 chimera kernel: [    0.562553] usb usb2: Product: xHCI Host Controller
Mar 11 20:05:12 chimera kernel: [    0.562554] usb usb2: Manufacturer: Linux 4.2.0-30-generic xhci-hcd
Mar 11 20:05:12 chimera kernel: [    0.562555] usb usb2: SerialNumber: 0000:00:14.0
Mar 11 20:05:12 chimera kernel: [    0.562628] hub 2-0:1.0: USB hub found
Mar 11 20:05:12 chimera kernel: [    0.562632] hub 2-0:1.0: 2 ports detected
Mar 11 20:05:12 chimera kernel: [    0.562883] ehci_hcd: USB 2.0 'Enhanced' Host Controller (EHCI) Driver
Mar 11 20:05:12 chimera kernel: [    0.562887] ehci-pci: EHCI PCI platform driver
Mar 11 20:05:12 chimera kernel: [    0.562944] ehci-pci 0000:00:1a.0: EHCI Host Controller
Mar 11 20:05:12 chimera kernel: [    0.562947] ehci-pci 0000:00:1a.0: new USB bus registered, assigned bus number 3
Mar 11 20:05:12 chimera kernel: [    0.562955] ehci-pci 0000:00:1a.0: debug port 2
Mar 11 20:05:12 chimera kernel: [    0.566841] ehci-pci 0000:00:1a.0: cache line size of 64 is not supported
Mar 11 20:05:12 chimera kernel: [    0.566847] ehci-pci 0000:00:1a.0: irq 16, io mem 0xf7f38000
Mar 11 20:05:12 chimera kernel: [    0.577594] ehci-pci 0000:00:1a.0: USB 2.0 started, EHCI 1.00
Mar 11 20:05:12 chimera kernel: [    0.577611] usb usb3: New USB device found, idVendor=1d6b, idProduct=0002
Mar 11 20:05:12 chimera kernel: [    0.577612] usb usb3: New USB device strings: Mfr=3, Product=2, SerialNumber=1
Mar 11 20:05:12 chimera kernel: [    0.577613] usb usb3: Product: EHCI Host Controller
Mar 11 20:05:12 chimera kernel: [    0.577614] usb usb3: Manufacturer: Linux 4.2.0-30-generic ehci_hcd
Mar 11 20:05:12 chimera kernel: [    0.577615] usb usb3: SerialNumber: 0000:00:1a.0
Mar 11 20:05:12 chimera kernel: [    0.577694] hub 3-0:1.0: USB hub found
Mar 11 20:05:12 chimera kernel: [    0.577696] hub 3-0:1.0: 2 ports detected
Mar 11 20:05:12 chimera kernel: [    0.577815] ehci-pci 0000:00:1d.0: EHCI Host Controller
Mar 11 20:05:12 chimera kernel: [    0.577818] ehci-pci 0000:00:1d.0: new USB bus registered, assigned bus number 4
Mar 11 20:05:12 chimera kernel: [    0.577826] ehci-pci 0000:00:1d.0: debug port 2
Mar 11 20:05:12 chimera kernel: [    0.581715] ehci-pci 0000:00:1d.0: cache line size of 64 is not supported
Mar 11 20:05:12 chimera kernel: [    0.581721] ehci-pci 0000:00:1d.0: irq 23, io mem 0xf7f37000
Mar 11 20:05:12 chimera kernel: [    0.593606] ehci-pci 0000:00:1d.0: USB 2.0 started, EHCI 1.00
Mar 11 20:05:12 chimera kernel: [    0.593629] usb usb4: New USB device found, idVendor=1d6b, idProduct=0002
Mar 11 20:05:12 chimera kernel: [    0.593630] usb usb4: New USB device strings: Mfr=3, Product=2, SerialNumber=1
Mar 11 20:05:12 chimera kernel: [    0.593631] usb usb4: Product: EHCI Host Controller
Mar 11 20:05:12 chimera kernel: [    0.593632] usb usb4: Manufacturer: Linux 4.2.0-30-generic ehci_hcd
Mar 11 20:05:12 chimera kernel: [    0.593632] usb usb4: SerialNumber: 0000:00:1d.0
Mar 11 20:05:12 chimera kernel: [    0.593711] hub 4-0:1.0: USB hub found
Mar 11 20:05:12 chimera kernel: [    0.593714] hub 4-0:1.0: 2 ports detected
Mar 11 20:05:12 chimera kernel: [    0.593782] ehci-platform: EHCI generic platform driver
Mar 11 20:05:12 chimera kernel: [    0.593789] ohci_hcd: USB 1.1 'Open' Host Controller (OHCI) Driver
Mar 11 20:05:12 chimera kernel: [    0.593792] ohci-pci: OHCI PCI platform driver
Mar 11 20:05:12 chimera kernel: [    0.593798] ohci-platform: OHCI generic platform driver
Mar 11 20:05:12 chimera kernel: [    0.593803] uhci_hcd: USB Universal Host Controller Interface driver
Mar 11 20:05:12 chimera kernel: [    0.593834] i8042: PNP: No PS/2 controller found. Probing ports directly.
Mar 11 20:05:12 chimera kernel: [    0.596356] serio: i8042 KBD port at 0x60,0x64 irq 1
Mar 11 20:05:12 chimera kernel: [    0.596359] serio: i8042 AUX port at 0x60,0x64 irq 12
Mar 11 20:05:12 chimera kernel: [    0.596575] mousedev: PS/2 mouse device common for all mice
Mar 11 20:05:12 chimera kernel: [    0.596859] rtc_cmos 00:02: RTC can wake from S4
Mar 11 20:05:12 chimera kernel: [    0.596979] rtc_cmos 00:02: rtc core: registered rtc_cmos as rtc0
Mar 11 20:05:12 chimera kernel: [    0.597000] rtc_cmos 00:02: alarms up to one month, y3k, 242 bytes nvram, hpet irqs
Mar 11 20:05:12 chimera kernel: [    0.597006] i2c /dev entries driver
Mar 11 20:05:12 chimera kernel: [    0.597053] device-mapper: uevent: version 1.0.3
Mar 11 20:05:12 chimera kernel: [    0.597116] device-mapper: ioctl: 4.33.0-ioctl (2015-8-18) initialised: dm-devel@redhat.com
Mar 11 20:05:12 chimera kernel: [    0.597130] Intel P-state driver initializing.
Mar 11 20:05:12 chimera kernel: [    0.597271] ledtrig-cpu: registered to indicate activity on CPUs
Mar 11 20:05:12 chimera kernel: [    0.597281] EFI Variables Facility v0.08 2004-May-17
Mar 11 20:05:12 chimera kernel: [    0.602624] PCCT header not found.
Mar 11 20:05:12 chimera kernel: [    0.602757] NET: Registered protocol family 10
Mar 11 20:05:12 chimera kernel: [    0.602891] NET: Registered protocol family 17
Mar 11 20:05:12 chimera kernel: [    0.602901] Key type dns_resolver registered
Mar 11 20:05:12 chimera kernel: [    0.603254] Loading compiled-in X.509 certificates
Mar 11 20:05:12 chimera kernel: [    0.603827] Loaded X.509 cert 'Build time autogenerated kernel key: aa46912a20e4e17b1e4a6ccc08bd3c70d4d8f464'
Mar 11 20:05:12 chimera kernel: [    0.603835] registered taskstats version 1
Mar 11 20:05:12 chimera kernel: [    0.603851] zswap: loading zswap
Mar 11 20:05:12 chimera kernel: [    0.603852] zswap: using zbud pool
Mar 11 20:05:12 chimera kernel: [    0.603855] zswap: using lzo compressor
Mar 11 20:05:12 chimera kernel: [    0.605183] Key type trusted registered
Mar 11 20:05:12 chimera kernel: [    0.608092] Key type encrypted registered
Mar 11 20:05:12 chimera kernel: [    0.608109] AppArmor: AppArmor sha1 policy hashing enabled
Mar 11 20:05:12 chimera kernel: [    0.608121] ima: No TPM chip found, activating TPM-bypass!
Mar 11 20:05:12 chimera kernel: [    0.608133] evm: HMAC attrs: 0x1
Mar 11 20:05:12 chimera kernel: [    0.608553]   Magic number: 8:442:93
Mar 11 20:05:12 chimera kernel: [    0.608643] rtc_cmos 00:02: setting system clock to 2016-03-11 20:05:10 UTC (1457726710)
Mar 11 20:05:12 chimera kernel: [    0.608775] BIOS EDD facility v0.16 2004-Jun-25, 0 devices found
Mar 11 20:05:12 chimera kernel: [    0.608776] EDD information not available.
Mar 11 20:05:12 chimera kernel: [    0.608836] PM: Hibernation image not present or could not be loaded.
Mar 11 20:05:12 chimera kernel: [    0.609072] Freeing unused kernel memory: 1464K (ffffffff81d37000 - ffffffff81ea5000)
Mar 11 20:05:12 chimera kernel: [    0.609073] Write protecting the kernel read-only data: 12288k
Mar 11 20:05:12 chimera kernel: [    0.609205] Freeing unused kernel memory: 20K (ffff8800017fb000 - ffff880001800000)
Mar 11 20:05:12 chimera kernel: [    0.609256] Freeing unused kernel memory: 292K (ffff880001bb7000 - ffff880001c00000)
Mar 11 20:05:12 chimera kernel: [    0.616208] random: systemd-udevd urandom read with 3 bits of entropy available
Mar 11 20:05:12 chimera kernel: [    0.638230] wmi: Mapper loaded
Mar 11 20:05:12 chimera kernel: [    0.639318] pps_core: LinuxPPS API ver. 1 registered
Mar 11 20:05:12 chimera kernel: [    0.639320] pps_core: Software ver. 5.3.6 - Copyright 2005-2007 Rodolfo Giometti <giometti@linux.it>
Mar 11 20:05:12 chimera kernel: [    0.640112] PTP clock support registered
Mar 11 20:05:12 chimera kernel: [    0.641656] [drm] Initialized drm 1.1.0 20060810
Mar 11 20:05:12 chimera kernel: [    0.641860] ahci 0000:00:1f.2: version 3.0
Mar 11 20:05:12 chimera kernel: [    0.642055] ahci 0000:00:1f.2: AHCI 0001.0300 32 slots 4 ports 6 Gbps 0x33 impl SATA mode
Mar 11 20:05:12 chimera kernel: [    0.642058] ahci 0000:00:1f.2: flags: 64bit ncq led clo pio slum part ems 
Mar 11 20:05:12 chimera kernel: [    0.642674] e1000e: Intel(R) PRO/1000 Network Driver - 3.2.5-k
Mar 11 20:05:12 chimera kernel: [    0.642675] e1000e: Copyright(c) 1999 - 2015 Intel Corporation.
Mar 11 20:05:12 chimera kernel: [    0.658880] [drm] radeon kernel modesetting enabled.
Mar 11 20:05:12 chimera kernel: [    0.660301] AMD IOMMUv2 driver by Joerg Roedel <jroedel@suse.de>
Mar 11 20:05:12 chimera kernel: [    0.660302] AMD IOMMUv2 functionality not available on this system
Mar 11 20:05:12 chimera kernel: [    0.662100] CRAT table not found
Mar 11 20:05:12 chimera kernel: [    0.662102] Finished initializing topology ret=0
Mar 11 20:05:12 chimera kernel: [    0.662133] kfd kfd: Initialized module
Mar 11 20:05:12 chimera kernel: [    0.662250] checking generic (e0000000 300000) vs hw (e0000000 10000000)
Mar 11 20:05:12 chimera kernel: [    0.662251] fb: switching to radeondrmfb from EFI VGA
Mar 11 20:05:12 chimera kernel: [    0.662269] Console: switching to colour dummy device 80x25
Mar 11 20:05:12 chimera kernel: [    0.662464] [drm] initializing kernel modesetting (OLAND 0x1002:0x6611 0x1043:0x85F1).
Mar 11 20:05:12 chimera kernel: [    0.662472] [drm] register mmio base: 0xF7E00000
Mar 11 20:05:12 chimera kernel: [    0.662473] [drm] register mmio size: 262144
Mar 11 20:05:12 chimera kernel: [    0.662478] [drm] ACPI VFCT contains a BIOS for 01:00.0 1002:6611, size 65536
Mar 11 20:05:12 chimera kernel: [    0.662491] ATOM BIOS: AMD
Mar 11 20:05:12 chimera kernel: [    0.662584] radeon 0000:01:00.0: VRAM: 2048M 0x0000000000000000 - 0x000000007FFFFFFF (2048M used)
Mar 11 20:05:12 chimera kernel: [    0.662585] radeon 0000:01:00.0: GTT: 2048M 0x0000000080000000 - 0x00000000FFFFFFFF
Mar 11 20:05:12 chimera kernel: [    0.662586] [drm] Detected VRAM RAM=2048M, BAR=256M
Mar 11 20:05:12 chimera kernel: [    0.662587] [drm] RAM width 128bits DDR
Mar 11 20:05:12 chimera kernel: [    0.662621] [TTM] Zone  kernel: Available graphics memory: 4056776 kiB
Mar 11 20:05:12 chimera kernel: [    0.662622] [TTM] Zone   dma32: Available graphics memory: 2097152 kiB
Mar 11 20:05:12 chimera kernel: [    0.662622] [TTM] Initializing pool allocator
Mar 11 20:05:12 chimera kernel: [    0.662625] [TTM] Initializing DMA pool allocator
Mar 11 20:05:12 chimera kernel: [    0.662636] [drm] radeon: 2048M of VRAM memory ready
Mar 11 20:05:12 chimera kernel: [    0.662637] [drm] radeon: 2048M of GTT memory ready.
Mar 11 20:05:12 chimera kernel: [    0.662646] [drm] Loading oland Microcode
Mar 11 20:05:12 chimera kernel: [    0.662709] [drm] Internal thermal controller with fan control
Mar 11 20:05:12 chimera kernel: [    0.662744] [drm] probing gen 2 caps for device 8086:c01 = 261ad02/6
Mar 11 20:05:12 chimera kernel: [    0.666086] scsi host0: ahci
Mar 11 20:05:12 chimera kernel: [    0.666165] scsi host1: ahci
Mar 11 20:05:12 chimera kernel: [    0.666231] scsi host2: ahci
Mar 11 20:05:12 chimera kernel: [    0.666294] scsi host3: ahci
Mar 11 20:05:12 chimera kernel: [    0.666357] scsi host4: ahci
Mar 11 20:05:12 chimera kernel: [    0.666421] scsi host5: ahci
Mar 11 20:05:12 chimera kernel: [    0.666450] ata1: SATA max UDMA/133 abar m2048@0xf7f36000 port 0xf7f36100 irq 26
Mar 11 20:05:12 chimera kernel: [    0.666452] ata2: SATA max UDMA/133 abar m2048@0xf7f36000 port 0xf7f36180 irq 26
Mar 11 20:05:12 chimera kernel: [    0.666453] ata3: DUMMY
Mar 11 20:05:12 chimera kernel: [    0.666453] ata4: DUMMY
Mar 11 20:05:12 chimera kernel: [    0.666455] ata5: SATA max UDMA/133 abar m2048@0xf7f36000 port 0xf7f36300 irq 26
Mar 11 20:05:12 chimera kernel: [    0.666456] ata6: SATA max UDMA/133 abar m2048@0xf7f36000 port 0xf7f36380 irq 26
Mar 11 20:05:12 chimera kernel: [    0.666579] e1000e 0000:00:19.0: Interrupt Throttling Rate (ints/sec) set to dynamic conservative mode
Mar 11 20:05:12 chimera kernel: [    0.668591] [drm] radeon: dpm initialized
Mar 11 20:05:12 chimera kernel: [    0.670303] [drm] Found VCE firmware/feedback version 50.0.1 / 17!
Mar 11 20:05:12 chimera kernel: [    0.670307] [drm] GART: num cpu pages 524288, num gpu pages 524288
Mar 11 20:05:12 chimera kernel: [    0.671349] [drm] probing gen 2 caps for device 8086:c01 = 261ad02/6
Mar 11 20:05:12 chimera kernel: [    0.671352] [drm] PCIE gen 2 link speeds already enabled
Mar 11 20:05:12 chimera kernel: [    0.690314] [drm] PCIE GART of 2048M enabled (table at 0x00000000002E8000).
Mar 11 20:05:12 chimera kernel: [    0.690402] radeon 0000:01:00.0: WB enabled
Mar 11 20:05:12 chimera kernel: [    0.690404] radeon 0000:01:00.0: fence driver on ring 0 use gpu addr 0x0000000080000c00 and cpu addr 0xffff8802105e0c00
Mar 11 20:05:12 chimera kernel: [    0.690405] radeon 0000:01:00.0: fence driver on ring 1 use gpu addr 0x0000000080000c04 and cpu addr 0xffff8802105e0c04
Mar 11 20:05:12 chimera kernel: [    0.690406] radeon 0000:01:00.0: fence driver on ring 2 use gpu addr 0x0000000080000c08 and cpu addr 0xffff8802105e0c08
